import time: self [us] | cumulative | imported package
import time:       183 |        183 |   _io
import time:        54 |         54 |   marshal
import time:       408 |        408 |   posix
import time:       444 |       1088 | _frozen_importlib_external
import time:       125 |        125 |   time
import time:       145 |        269 | zipimport
import time:        86 |         86 |     _codecs
import time:       535 |        620 |   codecs
import time:       714 |        714 |   encodings.aliases
import time:      1031 |       2365 | encodings
import time:       330 |        330 | encodings.utf_8
import time:       148 |        148 | _signal
import time:        58 |         58 |     _abc
import time:       167 |        224 |   abc
import time:       217 |        441 | io
import time:        50 |         50 |       _stat
import time:        88 |        137 |     stat
import time:       922 |        922 |     _collections_abc
import time:        54 |         54 |       genericpath
import time:        81 |        135 |     posixpath
import time:       394 |       1586 |   os
import time:        69 |         69 |   _sitebuiltins
import time:       849 |        849 |   _distutils_hack
import time:       339 |        339 |   types
import time:       332 |        332 |       warnings
import time:       234 |        566 |     importlib
import time:       250 |        250 |     importlib._abc
import time:       112 |        112 |         itertools
import time:       185 |        185 |         keyword
import time:        80 |         80 |           _operator
import time:       289 |        368 |         operator
import time:       187 |        187 |         reprlib
import time:       158 |        158 |         _collections
import time:      1010 |       2018 |       collections
import time:        65 |         65 |         _functools
import time:       726 |        791 |       functools
import time:       720 |       3528 |     contextlib
import time:       255 |        255 |       _weakrefset
import time:       716 |        970 |     threading
import time:       198 |       5511 |   importlib.util
import time:        69 |         69 |   importlib.machinery
import time:       744 |        744 |   sitecustomize
import time:        60 |         60 |   usercustomize
import time:      1255 |      10479 | site
import time:       141 |        141 |     cemd.core
import time:       163 |        163 |     __future__
import time:       369 |        369 |       weakref
import time:       177 |        177 |       copyreg
import time:        98 |         98 |           org
import time:        21 |        118 |         org.python
import time:        14 |        132 |       org.python.core
import time:       225 |        900 |     copy
import time:       385 |        385 |       collections.abc
import time:      2028 |       2028 |         enum
import time:        79 |         79 |           _sre
import time:       431 |        431 |             re._constants
import time:       856 |       1286 |           re._parser
import time:       223 |        223 |           re._casefix
import time:       542 |       2128 |         re._compiler
import time:       826 |       4981 |       re
import time:       253 |        253 |       _typing
import time:      3838 |       9455 |     typing
import time:       277 |        277 |       numpy.version
import time:       209 |        209 |       numpy._expired_attrs_2_0
import time:       214 |        214 |           numpy._utils._convertions
import time:       198 |        412 |         numpy._utils
import time:       426 |        837 |       numpy._globals
import time:        51 |         51 |         numpy._distributor_init_local
import time:       211 |        262 |       numpy._distributor_init
import time:       339 |        339 |                   math
import time:      6607 |       6607 |                   _datetime
import time:      1502 |       8447 |                 datetime
import time:       378 |        378 |                 numpy.exceptions
import time:       362 |        362 |                 numpy._core._exceptions
import time:       226 |        226 |                     _contextvars
import time:       160 |        386 |                   contextvars
import time:       183 |        568 |                 numpy._core.printoptions
import time:       155 |        155 |                 numpy.dtypes
import time:     19111 |      29017 |               numpy._core._multiarray_umath
import time:      4502 |       4502 |                     _ast
import time:      1370 |       5872 |                   ast
import time:      3297 |       3297 |                       _opcode
import time:       639 |       3936 |                     opcode
import time:      1056 |       4991 |                   dis
import time:       238 |        238 |                       token
import time:      1235 |       1472 |                     tokenize
import time:       274 |       1746 |                   linecache
import time:      5301 |      17909 |                 inspect
import time:       235 |        235 |                 numpy._utils._inspect
import time:       540 |      18682 |               numpy._core.overrides
import time:      5539 |      53238 |             numpy._core.multiarray
import time:       309 |        309 |             numpy._core.umath
import time:       589 |        589 |               numbers
import time:       215 |        215 |               numpy._core._dtype
import time:       161 |        161 |               numpy._core._string_helpers
import time:      3435 |       3435 |               numpy._core._type_aliases
import time:       577 |       4974 |             numpy._core.numerictypes
import time:      3341 |       3341 |                           _struct
import time:       261 |       3601 |                         struct
import time:       487 |        487 |                         _compat_pickle
import time:       337 |        337 |                         _pickle
import time:        96 |         96 |                             org
import time:        58 |        154 |                           org.python
import time:        53 |        206 |                         org.python.core
import time:      1204 |       5833 |                       pickle
import time:       297 |       6129 |                     numpy._core._methods
import time:      1205 |       7334 |                   numpy._core.fromnumeric
import time:       471 |       7804 |                 numpy._core.shape_base
import time:       248 |        248 |                 numpy._core._ufunc_config
import time:       235 |        235 |                 numpy._core._asarray
import time:      1476 |       1476 |                 numpy._core.arrayprint
import time:      4746 |      14507 |               numpy._core.numeric
import time:       445 |      14951 |             numpy._core.einsumfunc
import time:       290 |        290 |             numpy._core.function_base
import time:       383 |        383 |             numpy._core.getlimits
import time:       231 |        231 |             numpy._core.memmap
import time:       395 |        395 |             numpy._core.records
import time:      1355 |       1355 |               textwrap
import time:     18891 |      20245 |             numpy._core._add_newdocs
import time:      4096 |       4096 |             numpy._core._add_newdocs_scalars
import time:       192 |        192 |             numpy._core._dtype_ctypes
import time:       482 |        482 |                 _ctypes
import time:      3351 |       3351 |                 ctypes._endian
import time:      1235 |       5066 |               ctypes
import time:       930 |       5996 |             numpy._core._internal
import time:       212 |        212 |             numpy._pytesttester
import time:      4251 |     109756 |           numpy._core
import time:        59 |     109815 |         numpy._core._multiarray_umath
import time:       490 |     110304 |       numpy.__config__
import time:       282 |        282 |                         numpy._typing._nbit_base
import time:       263 |        263 |                         numpy._typing._nested_sequence
import time:       141 |        141 |                         numpy._typing._shape
import time:      9174 |       9859 |                       numpy._typing._array_like
import time:      3460 |       3460 |                       numpy._typing._char_codes
import time:      6006 |       6006 |                       numpy._typing._dtype_like
import time:       164 |        164 |                       numpy._typing._nbit
import time:       176 |        176 |                       numpy._typing._scalars
import time:       102 |        102 |                       numpy._typing._ufunc
import time:       444 |      20207 |                     numpy._typing
import time:       226 |        226 |                       numpy.lib._stride_tricks_impl
import time:       359 |        585 |                     numpy.lib._twodim_base_impl
import time:       100 |        100 |                       numpy.lib._array_utils_impl
import time:       124 |        224 |                     numpy.lib.array_utils
import time:       323 |        323 |                     numpy.linalg._umath_linalg
import time:      1599 |      22935 |                   numpy.linalg._linalg
import time:       196 |      23131 |                 numpy.linalg
import time:       343 |      23473 |               numpy.matrixlib.defmatrix
import time:       156 |      23629 |             numpy.matrixlib
import time:       296 |        296 |               numpy.lib._histograms_impl
import time:      1091 |       1386 |             numpy.lib._function_base_impl
import time:       443 |      25457 |           numpy.lib._index_tricks_impl
import time:       406 |      25862 |         numpy.lib._arraypad_impl
import time:      1075 |       1075 |         numpy.lib._arraysetops_impl
import time:       241 |        241 |         numpy.lib._arrayterator_impl
import time:       492 |        492 |         numpy.lib._nanfunctions_impl
import time:      2031 |       2031 |                 platform
import time:       498 |       2528 |               numpy.lib._utils_impl
import time:       278 |       2805 |             numpy.lib._format_impl
import time:       164 |       2969 |           numpy.lib.format
import time:       280 |        280 |           numpy.lib._datasource
import time:       446 |        446 |           numpy.lib._iotools
import time:       867 |       4560 |         numpy.lib._npyio_impl
import time:       194 |        194 |             numpy.lib._ufunclike_impl
import time:       307 |        501 |           numpy.lib._type_check_impl
import time:       567 |       1067 |         numpy.lib._polynomial_impl
import time:       395 |        395 |         numpy.lib._shape_base_impl
import time:       151 |        151 |         numpy.lib._version
import time:       119 |        119 |         numpy.lib.introspect
import time:       255 |        255 |         numpy.lib.mixins
import time:       107 |        107 |         numpy.lib.npyio
import time:       223 |        223 |           numpy.lib._scimath_impl
import time:       110 |        333 |         numpy.lib.scimath
import time:       106 |        106 |         numpy.lib.stride_tricks
import time:       480 |      35237 |       numpy.lib
import time:       161 |        161 |       numpy._array_api_info
import time:      1851 |     149134 |     numpy
import time:       213 |        213 |         dateutil._version
import time:       272 |        484 |       dateutil
import time:       378 |        378 |           sysconfig
import time:       497 |        497 |           _sysconfigdata__linux_x86_64-linux-gnu
import time:       550 |       1424 |         pandas.compat._constants
import time:       120 |        120 |             pandas.util
import time:      2527 |       2646 |           pandas.util.version
import time:       337 |       2983 |         pandas.compat.numpy
import time:        83 |         83 |           pyarrow
import time:       201 |        283 |         pandas.compat.pyarrow
import time:       650 |       5338 |       pandas.compat
import time:       527 |        527 |               numpy._typing._add_docstring
import time:       199 |        726 |             numpy.typing
import time:       230 |        230 |                 zlib
import time:       485 |        485 |                   numpy.random._common
import time:       237 |        237 |                       binascii
import time:       269 |        505 |                     base64
import time:      2267 |       2267 |                       _hashlib
import time:       281 |        281 |                         _blake2
import time:       566 |        847 |                       hashlib
import time:       370 |       3484 |                     hmac
import time:       176 |        176 |                         _bisect
import time:       181 |        357 |                       bisect
import time:       190 |        190 |                       _random
import time:       159 |        159 |                       _sha512
import time:       611 |       1315 |                     random
import time:       252 |       5554 |                   secrets
import time:       589 |       6627 |                 numpy.random.bit_generator
import time:       433 |       7289 |               numpy.random._bounded_integers
import time:       306 |        306 |                   numpy.random._pcg64
import time:      1440 |       1745 |                 numpy.random._generator
import time:       244 |        244 |                 numpy.random._mt19937
import time:       241 |        241 |                 numpy.random._philox
import time:       202 |        202 |                 numpy.random._sfc64
import time:      1536 |       1536 |                 numpy.random.mtrand
import time:       243 |       4209 |               numpy.random._pickle
import time:       281 |      11778 |             numpy.random
import time:      2698 |      15201 |           pandas._typing
import time:       235 |        235 |           pandas.util._exceptions
import time:       964 |      16399 |         pandas._config.config
import time:       278 |        278 |         pandas._config.dates
import time:       113 |        113 |             _locale
import time:      1075 |       1187 |           locale
import time:       241 |       1428 |         pandas._config.display
import time:       218 |      18321 |       pandas._config
import time:       174 |        174 |         pandas.core
import time:       259 |        259 |               pandas._libs.pandas_parser
import time:       154 |        154 |               pandas._libs.pandas_datetime
import time:       432 |        432 |                             pandas._libs._cyutility
import time:       376 |        808 |                           pandas._libs.tslibs.ccalendar
import time:       578 |        578 |                           pandas._libs.tslibs.np_datetime
import time:      1325 |       2709 |                         pandas._libs.tslibs.dtypes
import time:       263 |        263 |                           pandas._libs.tslibs.base
import time:       743 |        743 |                               pandas._libs.tslibs.nattype
import time:       299 |        299 |                                     zoneinfo._tzpath
import time:       228 |        228 |                                     zoneinfo._common
import time:       265 |        265 |                                     _zoneinfo
import time:       323 |       1114 |                                   zoneinfo
import time:       212 |        212 |                                   pandas.compat._optional
import time:      1313 |       1313 |                                       six
import time:        57 |         57 |                                       six.moves
import time:       323 |        323 |                                       dateutil.tz._common
import time:       251 |        251 |                                       dateutil.tz._factories
import time:        36 |         36 |                                         six.moves.winreg
import time:       303 |        339 |                                       dateutil.tz.win
import time:      1025 |       3305 |                                     dateutil.tz.tz
import time:       215 |       3520 |                                   dateutil.tz
import time:       827 |       5671 |                                 pandas._libs.tslibs.timezones
import time:       373 |        373 |                                   pandas._libs.properties
import time:       381 |        754 |                                 pandas.util._decorators
import time:       491 |        491 |                                     calendar
import time:      2334 |       2825 |                                   _strptime
import time:       102 |        102 |                                       errno
import time:       868 |        868 |                                       signal
import time:       350 |        350 |                                       fcntl
import time:       217 |        217 |                                       msvcrt
import time:       294 |        294 |                                       _posixsubprocess
import time:       295 |        295 |                                       select
import time:       754 |        754 |                                       selectors
import time:       838 |       3714 |                                     subprocess
import time:       252 |       3965 |                                   pandas._config.localization
import time:       613 |       7402 |                                 pandas._libs.tslibs.fields
import time:      1151 |      14977 |                               pandas._libs.tslibs.timedeltas
import time:       379 |        379 |                               pandas._libs.tslibs.tzconversion
import time:      1671 |      17769 |                             pandas._libs.tslibs.timestamps
import time:       137 |        137 |                             dateutil.easter
import time:      2050 |      19955 |                           pandas._libs.tslibs.offsets
import time:       577 |        577 |                               _decimal
import time:       259 |        835 |                             decimal
import time:        44 |         44 |                                   _string
import time:       989 |       1033 |                                 string
import time:       183 |        183 |                                 dateutil._common
import time:      1178 |       2393 |                               dateutil.parser._parser
import time:       476 |        476 |                               dateutil.parser.isoparser
import time:       300 |       3168 |                             dateutil.parser
import time:      1133 |       1133 |                             pandas._libs.tslibs.strptime
import time:       696 |       5831 |                           pandas._libs.tslibs.parsing
import time:       638 |      26685 |                         pandas._libs.tslibs.conversion
import time:      1048 |       1048 |                         pandas._libs.tslibs.period
import time:       490 |        490 |                         pandas._libs.tslibs.vectorized
import time:       392 |      31322 |                       pandas._libs.tslibs
import time:        27 |      31348 |                     pandas._libs.tslibs.nattype
import time:       302 |        302 |                     pandas._libs.ops_dispatch
import time:       716 |      32365 |                   pandas._libs.missing
import time:      1449 |      33814 |                 pandas._libs.hashtable
import time:      1190 |       1190 |                 pandas._libs.algos
import time:       956 |      35958 |               pandas._libs.interval
import time:       207 |      36578 |             pandas._libs
import time:        33 |      36610 |           pandas._libs.tslibs
import time:       990 |      37600 |         pandas.errors
import time:      1421 |      39194 |       pandas.core.config_init
import time:       175 |        175 |           pandas.core.dtypes
import time:       142 |        142 |             pyarrow
import time:      1587 |       1728 |           pandas._libs.lib
import time:       468 |        468 |             pandas.core.dtypes.generic
import time:       335 |        802 |           pandas.core.dtypes.base
import time:       207 |        207 |           pandas.core.dtypes.inference
import time:      1657 |       4568 |         pandas.core.dtypes.dtypes
import time:       312 |        312 |           pandas.core.dtypes.common
import time:       291 |        603 |         pandas.core.dtypes.missing
import time:       115 |        115 |               pandas.io
import time:       239 |        353 |             pandas.io._util
import time:       502 |        855 |           pandas.core.dtypes.cast
import time:       155 |        155 |             pandas.core.dtypes.astype
import time:       190 |        345 |           pandas.core.dtypes.concat
import time:       101 |        101 |             pandas.core.array_algos
import time:      9465 |       9465 |                 numpy.ma.core
import time:      1043 |       1043 |                 numpy.ma.extras
import time:       253 |      10760 |               numpy.ma
import time:       497 |        497 |                 pandas.core.col
import time:       391 |        887 |               pandas.core.common
import time:       275 |      11922 |             pandas.core.construction
import time:       339 |      12361 |           pandas.core.array_algos.take
import time:       222 |        222 |             pandas.core.indexers.utils
import time:       184 |        405 |           pandas.core.indexers
import time:       396 |      14360 |         pandas.core.algorithms
import time:       359 |        359 |             pandas.core.arrays.arrow.accessors
import time:       157 |        157 |                 fnmatch
import time:        70 |         70 |                   _winapi
import time:        61 |         61 |                   nt
import time:        56 |         56 |                   nt
import time:        54 |         54 |                   nt
import time:        53 |         53 |                   nt
import time:        79 |         79 |                   nt
import time:       109 |        479 |                 ntpath
import time:       114 |        114 |                   urllib
import time:      1249 |       1249 |                   ipaddress
import time:      1006 |       2368 |                 urllib.parse
import time:       705 |       3707 |               pathlib
import time:       244 |        244 |               unicodedata
import time:       425 |        425 |               pandas.core.missing
import time:       292 |        292 |                   pandas._libs.ops
import time:       122 |        122 |                   pandas.core.roperator
import time:        98 |         98 |                   pandas.core.computation
import time:       184 |        184 |                     pandas.core.computation.check
import time:       243 |        426 |                   pandas.core.computation.expressions
import time:       125 |        125 |                   pandas.core.ops.missing
import time:        99 |         99 |                   pandas.core.ops.dispatch
import time:       104 |        104 |                   pandas.core.ops.invalid
import time:       348 |       1612 |                 pandas.core.ops.array_ops
import time:       126 |        126 |                 pandas.core.ops.common
import time:       176 |        176 |                 pandas.core.ops.docstrings
import time:       116 |        116 |                 pandas.core.ops.mask_ops
import time:       192 |       2219 |               pandas.core.ops
import time:       378 |        378 |               pandas.core.arraylike
import time:       250 |        250 |               pandas.core.arrays._arrow_string_mixins
import time:       123 |        123 |               pandas.core.arrays._utils
import time:       201 |        201 |                   pandas.util._validators
import time:       304 |        505 |                 pandas.compat.numpy.function
import time:       151 |        151 |                 pandas.core.array_algos.quantile
import time:       360 |        360 |                 pandas.core.sorting
import time:       646 |       1660 |               pandas.core.arrays.base
import time:       983 |        983 |                 pandas.core.nanops
import time:       168 |        168 |                 pandas.core.array_algos.masked_accumulations
import time:       163 |        163 |                 pandas.core.array_algos.masked_reductions
import time:       116 |        116 |                 pandas.core.array_algos.transforms
import time:       106 |        106 |                   pandas.core.util
import time:       276 |        276 |                   pandas._libs.hashing
import time:       271 |        652 |                 pandas.core.util.hashing
import time:       774 |       2854 |               pandas.core.arrays.masked
import time:       315 |        315 |                 pandas._libs.arrays
import time:       302 |        302 |                   pandas.core.arrays.numeric
import time:       345 |        647 |                 pandas.core.arrays.floating
import time:       337 |        337 |                 pandas.core.arrays.integer
import time:       847 |        847 |                   pandas.core.arrays._mixins
import time:       128 |        128 |                     pandas.core.strings
import time:       413 |        541 |                   pandas.core.strings.object_array
import time:       358 |       1745 |                 pandas.core.arrays.numpy_
import time:       124 |        124 |                 pandas.io.formats
import time:       212 |        212 |                         _compression
import time:       302 |        302 |                         _bz2
import time:       279 |        792 |                       bz2
import time:       285 |        285 |                         _lzma
import time:       278 |        562 |                       lzma
import time:       728 |       2081 |                     shutil
import time:       207 |       2288 |                   pandas.io.formats.console
import time:       365 |       2652 |                 pandas.io.formats.printing
import time:      1243 |       7060 |               pandas.core.arrays.string_
import time:       133 |        133 |                 pandas.tseries
import time:       408 |        540 |               pandas.tseries.frequencies
import time:      1583 |      21038 |             pandas.core.arrays.arrow.array
import time:       186 |      21582 |           pandas.core.arrays.arrow
import time:       283 |        283 |           pandas.core.arrays.boolean
import time:       214 |        214 |               _csv
import time:       343 |        557 |             csv
import time:       218 |        218 |             pandas.core.accessor
import time:       512 |        512 |             pandas.core.base
import time:       916 |       2201 |           pandas.core.arrays.categorical
import time:       467 |        467 |             pandas._libs.tslib
import time:       164 |        164 |               pandas.core.array_algos.datetimelike_accumulations
import time:      1085 |       1249 |             pandas.core.arrays.datetimelike
import time:       168 |        168 |             pandas.core.arrays._ranges
import time:       135 |        135 |             pandas.tseries.offsets
import time:       645 |       2660 |           pandas.core.arrays.datetimes
import time:       570 |        570 |             pandas.core.arrays.timedeltas
import time:       753 |       1323 |           pandas.core.arrays.interval
import time:       520 |        520 |           pandas.core.arrays.period
import time:       496 |        496 |                 pandas._libs.sparse
import time:       626 |       1122 |               pandas.core.arrays.sparse.array
import time:       445 |       1566 |             pandas.core.arrays.sparse.accessor
import time:       142 |       1707 |           pandas.core.arrays.sparse
import time:       442 |        442 |           pandas.core.arrays.string_arrow
import time:       244 |      30960 |         pandas.core.arrays
import time:       191 |        191 |         pandas.core.flags
import time:       778 |        778 |             dataclasses
import time:      1052 |       1052 |               pandas._libs.internals
import time:       139 |        139 |                 pandas.core._numba
import time:       136 |        136 |                 pandas.core.util.numba_
import time:       255 |        529 |               pandas.core._numba.executor
import time:       746 |       2327 |             pandas.core.apply
import time:       184 |        184 |               pandas.errors.cow
import time:       214 |        214 |                       _json
import time:       358 |        572 |                     json.scanner
import time:       383 |        955 |                   json.decoder
import time:       385 |        385 |                   json.encoder
import time:       225 |       1564 |                 json
import time:       224 |        224 |                   pandas._libs.indexing
import time:       124 |        124 |                     pandas.core.indexes
import time:       735 |        735 |                       pandas._libs.index
import time:       265 |        265 |                       pandas._libs.writers
import time:       406 |        406 |                       pandas._libs.join
import time:       148 |        148 |                       pandas.core.array_algos.putmask
import time:       171 |        171 |                       pandas.core.indexes.frozen
import time:       677 |        677 |                       pandas.core.strings.accessor
import time:      1389 |       3788 |                     pandas.core.indexes.base
import time:       228 |        228 |                       pandas.core.indexes.extension
import time:       447 |        675 |                     pandas.core.indexes.category
import time:       493 |        493 |                         pandas.core.indexes.range
import time:       113 |        113 |                           pandas.core.tools
import time:       212 |        325 |                         pandas.core.tools.timedeltas
import time:       482 |       1299 |                       pandas.core.indexes.datetimelike
import time:       138 |        138 |                       pandas.core.tools.times
import time:       637 |       2073 |                     pandas.core.indexes.datetimes
import time:      1393 |       1393 |                       pandas.core.indexes.multi
import time:       493 |        493 |                       pandas.core.indexes.timedeltas
import time:       467 |       2352 |                     pandas.core.indexes.interval
import time:       564 |        564 |                     pandas.core.indexes.period
import time:       287 |       9859 |                   pandas.core.indexes.api
import time:      1347 |      11430 |                 pandas.core.indexing
import time:       138 |        138 |                 pandas.core.sample
import time:       130 |        130 |                 pandas.core.array_algos.replace
import time:       595 |        595 |                     pandas.core.internals.blocks
import time:       290 |        885 |                   pandas.core.internals.api
import time:       361 |        361 |                       pandas.core.internals.ops
import time:       803 |       1163 |                     pandas.core.internals.managers
import time:       250 |       1413 |                   pandas.core.internals.concat
import time:       138 |       2435 |                 pandas.core.internals
import time:       109 |        109 |                   pandas.core.methods
import time:       100 |        100 |                     pandas.core.reshape
import time:       314 |        413 |                   pandas.core.reshape.concat
import time:       344 |        344 |                       gzip
import time:       221 |        221 |                       mmap
import time:        48 |         48 |                         pwd
import time:       202 |        202 |                         grp
import time:      1164 |       1413 |                       tarfile
import time:       775 |        775 |                       zipfile
import time:      1572 |       4323 |                     pandas.io.common
import time:       750 |       5072 |                   pandas.io.formats.format
import time:       316 |       5909 |                 pandas.core.methods.describe
import time:       131 |        131 |                 pandas.core.shared_docs
import time:       102 |        102 |                       pandas._libs.window
import time:       529 |        630 |                     pandas._libs.window.aggregations
import time:       267 |        267 |                       pandas._libs.window.indexers
import time:       384 |        650 |                     pandas.core.indexers.objects
import time:       158 |        158 |                     pandas.core.window.common
import time:       168 |        168 |                     pandas.core.window.numba_
import time:       138 |        138 |                     pandas.core.window.online
import time:       762 |        762 |                     pandas.core.window.rolling
import time:       441 |       2945 |                   pandas.core.window.ewm
import time:       241 |        241 |                   pandas.core.window.expanding
import time:       133 |       3318 |                 pandas.core.window
import time:      1830 |      26882 |               pandas.core.generic
import time:       373 |        373 |               pandas.core.internals.construction
import time:       286 |        286 |               pandas.core.methods.selectn
import time:       152 |        152 |                 pandas.core.tools.numeric
import time:       197 |        348 |               pandas.core.reshape.melt
import time:       324 |        324 |                 pandas._libs.reshape
import time:       732 |        732 |                 pandas.core.indexes.accessors
import time:       123 |        123 |                   pandas.arrays
import time:       666 |        789 |                 pandas.core.tools.datetimes
import time:       742 |        742 |                 pandas.io.formats.info
import time:       307 |        307 |                   pandas.plotting._core
import time:       212 |        212 |                   pandas.plotting._misc
import time:       167 |        685 |                 pandas.plotting
import time:      3913 |       7184 |               pandas.core.series
import time:      6503 |      41757 |             pandas.core.frame
import time:      1004 |       1004 |             pandas.core.groupby.base
import time:       803 |        803 |               pandas._libs.groupby
import time:       176 |        176 |               pandas.core.groupby.numba_
import time:       132 |        132 |                   pandas.core.groupby.categorical
import time:       378 |        509 |                 pandas.core.groupby.grouper
import time:       542 |       1051 |               pandas.core.groupby.ops
import time:       319 |        319 |               pandas.core.groupby.indexing
import time:      1111 |       3458 |             pandas.core.groupby.groupby
import time:      1588 |      50910 |           pandas.core.groupby.generic
import time:       151 |      51060 |         pandas.core.groupby
import time:       360 |     102099 |       pandas.core.api
import time:       123 |        123 |       pandas.tseries.api
import time:       123 |        123 |               pandas.core.computation.common
import time:       268 |        391 |             pandas.core.computation.align
import time:       294 |        294 |                 pprint
import time:       253 |        547 |               pandas.core.computation.scope
import time:       365 |        911 |             pandas.core.computation.ops
import time:       193 |       1493 |           pandas.core.computation.engines
import time:       282 |        282 |             pandas.core.computation.parsing
import time:      1057 |       1338 |           pandas.core.computation.expr
import time:       209 |       3040 |         pandas.core.computation.eval
import time:       111 |       3150 |       pandas.core.computation.api
import time:       198 |        198 |         pandas.core.reshape.encoding
import time:       257 |        257 |             _uuid
import time:       458 |        715 |           uuid
import time:       628 |       1343 |         pandas.core.reshape.merge
import time:       251 |        251 |         pandas.core.reshape.pivot
import time:       215 |        215 |         pandas.core.reshape.tile
import time:       182 |       2189 |       pandas.core.reshape.api
import time:       149 |        149 |         pandas.api.executors
import time:       118 |        118 |         pandas.api.extensions
import time:       112 |        112 |         pandas.api.indexers
import time:        91 |         91 |             pandas.core.interchange
import time:      1664 |       1754 |           pandas.core.interchange.dataframe_protocol
import time:       211 |        211 |             pandas.core.interchange.utils
import time:       276 |        486 |           pandas.core.interchange.from_dataframe
import time:       130 |       2368 |         pandas.api.interchange
import time:       118 |        118 |           pandas.core.dtypes.api
import time:       139 |        256 |         pandas.api.types
import time:       746 |        746 |           pandas.core.resample
import time:       259 |        259 |                 pandas._libs.json
import time:       247 |        247 |                 pandas.io.json._normalize
import time:       216 |        216 |                 pandas.io.json._table_schema
import time:       481 |        481 |                       pandas._libs.parsers
import time:       463 |        463 |                         pandas.io.parsers.base_parser
import time:       311 |        774 |                       pandas.io.parsers.arrow_parser_wrapper
import time:       227 |        227 |                       pandas.io.parsers.c_parser_wrapper
import time:       510 |        510 |                       pandas.io.parsers.python_parser
import time:       790 |       2780 |                     pandas.io.parsers.readers
import time:       141 |       2920 |                   pandas.io.parsers
import time:        18 |       2938 |                 pandas.io.parsers.readers
import time:     10245 |      13903 |               pandas.io.json._json
import time:       146 |      14048 |             pandas.io.json
import time:        18 |      14066 |           pandas.io.json._json
import time:       219 |        219 |               pandas.io.sas.sasreader
import time:       140 |        359 |             pandas.io.sas
import time:        17 |        375 |           pandas.io.sas.sasreader
import time:      1141 |       1141 |           pandas.io.stata
import time:       181 |      16507 |         pandas.api.typing
import time:       208 |      19717 |       pandas.api
import time:       124 |        124 |             concurrent
import time:       478 |        478 |                 traceback
import time:        41 |         41 |                 atexit
import time:      1693 |       2211 |               logging
import time:       466 |       2676 |             concurrent.futures._base
import time:       172 |       2971 |           concurrent.futures
import time:       189 |        189 |                 _heapq
import time:       203 |        392 |               heapq
import time:       184 |        184 |               _queue
import time:       309 |        884 |             queue
import time:       227 |       1110 |           concurrent.futures.thread
import time:       183 |        183 |           pandas._testing._io
import time:       160 |        160 |           pandas._testing._warnings
import time:       184 |        184 |               cmath
import time:       353 |        536 |             pandas._libs.testing
import time:       356 |        892 |           pandas._testing.asserters
import time:       122 |        122 |           pandas._testing.compat
import time:       145 |        145 |           pandas._testing.contexts
import time:       458 |       6037 |         pandas._testing
import time:       142 |       6178 |       pandas.testing
import time:       163 |        163 |       pandas.util._print_versions
import time:       138 |        138 |         pandas.io.clipboards
import time:       170 |        170 |             pandas.io.excel._util
import time:       308 |        308 |             pandas.io.excel._calamine
import time:       256 |        256 |             pandas.io.excel._odfreader
import time:       377 |        377 |             pandas.io.excel._openpyxl
import time:       174 |        174 |             pandas.io.excel._pyxlsb
import time:       210 |        210 |             pandas.io.excel._xlrd
import time:       600 |       2091 |           pandas.io.excel._base
import time:       218 |        218 |           pandas.io.excel._odswriter
import time:       217 |        217 |           pandas.io.excel._xlsxwriter
import time:       148 |       2673 |         pandas.io.excel
import time:       154 |        154 |         pandas.io.feather_format
import time:       531 |        531 |         pandas.io.html
import time:       152 |        152 |         pandas.io.iceberg
import time:       139 |        139 |         pandas.io.orc
import time:       245 |        245 |         pandas.io.parquet
import time:       162 |        162 |           pandas.compat.pickle_compat
import time:       148 |        310 |         pandas.io.pickle
import time:       449 |        449 |           pandas.core.computation.pytables
import time:      1622 |       2071 |         pandas.io.pytables
import time:       141 |        141 |         pandas.io.spss
import time:      1327 |       1327 |         pandas.io.sql
import time:       329 |        329 |         pandas.io.xml
import time:       277 |       8482 |       pandas.io.api
import time:       128 |        128 |       pandas.util._tester
import time:       101 |        101 |       pandas._version_meson
import time:       532 |     206193 |     pandas
import time:       193 |        193 |       cemd._utils
import time:       156 |        156 |       cemd._constants
import time:       235 |        584 |     cemd.core._edit
import time:       249 |        249 |     cemd.core._topology
import time:      9872 |       9872 |     cemd.core._io
import time:       277 |        277 |         shlex
import time:       422 |        698 |       webbrowser
import time:       144 |        144 |           email
import time:       156 |        156 |               quopri
import time:       363 |        363 |                   _socket
import time:       223 |        223 |                   array
import time:      1311 |       1896 |                 socket
import time:       203 |        203 |                 email._parseaddr
import time:       113 |        113 |                   email.base64mime
import time:       212 |        212 |                   email.quoprimime
import time:       376 |        376 |                   email.errors
import time:       112 |        112 |                   email.encoders
import time:       300 |       1112 |                 email.charset
import time:       545 |       3754 |               email.utils
import time:       489 |        489 |                 email.header
import time:       250 |        739 |               email._policybase
import time:       235 |        235 |               email._encoded_words
import time:       124 |        124 |               email.iterators
import time:       563 |       5568 |             email.message
import time:        98 |         98 |               importlib.metadata._functools
import time:       149 |        247 |             importlib.metadata._text
import time:       241 |       6055 |           importlib.metadata._adapters
import time:       277 |        277 |           importlib.metadata._meta
import time:       246 |        246 |           importlib.metadata._collections
import time:       116 |        116 |           importlib.metadata._itertools
import time:       427 |        427 |                   tempfile
import time:       288 |        288 |                   importlib.resources.abc
import time:       310 |        310 |                   importlib.resources._adapters
import time:       270 |       1294 |                 importlib.resources._common
import time:       185 |        185 |                 importlib.resources._legacy
import time:       136 |       1614 |               importlib.resources
import time:        15 |       1628 |             importlib.resources.abc
import time:       361 |       1989 |           importlib.abc
import time:      1073 |       9897 |         importlib.metadata
import time:      1271 |       1271 |                   _ssl
import time:      2562 |       3833 |                 ssl
import time:       249 |        249 |                 asyncio.constants
import time:       132 |        132 |                 asyncio.coroutines
import time:       118 |        118 |                   asyncio.format_helpers
import time:       133 |        133 |                     asyncio.base_futures
import time:       183 |        183 |                     asyncio.exceptions
import time:       145 |        145 |                     asyncio.base_tasks
import time:       291 |        750 |                   _asyncio
import time:       499 |       1366 |                 asyncio.events
import time:       202 |        202 |                 asyncio.futures
import time:       175 |        175 |                 asyncio.protocols
import time:       310 |        310 |                   asyncio.transports
import time:       111 |        111 |                   asyncio.log
import time:       564 |        984 |                 asyncio.sslproto
import time:       113 |        113 |                     asyncio.mixins
import time:       347 |        347 |                     asyncio.tasks
import time:       424 |        882 |                   asyncio.locks
import time:       366 |       1247 |                 asyncio.staggered
import time:       149 |        149 |                 asyncio.trsock
import time:       834 |       9167 |               asyncio.base_events
import time:       287 |        287 |               asyncio.runners
import time:       239 |        239 |               asyncio.queues
import time:       301 |        301 |               asyncio.streams
import time:       214 |        214 |               asyncio.subprocess
import time:       155 |        155 |               asyncio.taskgroups
import time:       445 |        445 |               asyncio.timeouts
import time:       124 |        124 |               asyncio.threads
import time:       217 |        217 |                 asyncio.base_subprocess
import time:       502 |        502 |                 asyncio.selector_events
import time:       585 |       1303 |               asyncio.unix_events
import time:       302 |      12532 |             asyncio
import time:       248 |        248 |               prompt_toolkit.application.current
import time:       123 |        123 |                     prompt_toolkit.eventloop.utils
import time:       229 |        352 |                   prompt_toolkit.eventloop.async_generator
import time:       205 |        205 |                   prompt_toolkit.eventloop.inputhook
import time:       148 |        703 |                 prompt_toolkit.eventloop
import time:       142 |        845 |               prompt_toolkit.application.run_in_terminal
import time:       371 |        371 |                       prompt_toolkit.selection
import time:       226 |        596 |                     prompt_toolkit.clipboard.base
import time:       136 |        136 |                     prompt_toolkit.clipboard.in_memory
import time:       136 |        868 |                   prompt_toolkit.clipboard
import time:       382 |        382 |                       prompt_toolkit.cache
import time:       229 |        229 |                       prompt_toolkit.enums
import time:       278 |        278 |                       prompt_toolkit.filters.base
import time:       386 |       1275 |                     prompt_toolkit.filters.app
import time:       144 |        144 |                     prompt_toolkit.filters.cli
import time:       112 |        112 |                     prompt_toolkit.filters.utils
import time:       172 |       1702 |                   prompt_toolkit.filters
import time:       972 |       3540 |                 prompt_toolkit.document
import time:       255 |       3794 |               prompt_toolkit.auto_suggest
import time:      3540 |       3540 |                                     prompt_toolkit.keys
import time:       678 |       4218 |                                   prompt_toolkit.key_binding.key_bindings
import time:       149 |        149 |                                               wcwidth.table_grapheme_overrides._registry
import time:       136 |        285 |                                             wcwidth.table_grapheme_overrides
import time:        95 |         95 |                                               wcwidth.bisearch
import time:       110 |        110 |                                                 wcwidth.table_mc
import time:       169 |        169 |                                                 wcwidth.table_wide
import time:       124 |        124 |                                                 wcwidth.table_zero
import time:       899 |        899 |                                                 wcwidth.table_grapheme
import time:       135 |        135 |                                                 wcwidth.table_ambiguous
import time:       181 |        181 |                                                 wcwidth.table_overrides
import time:       109 |        109 |                                                 wcwidth.unicode_versions
import time:       111 |        111 |                                                 wcwidth.table_term_programs
import time:       801 |       2634 |                                               wcwidth._constants
import time:       144 |       2872 |                                             wcwidth._wcwidth
import time:       106 |        106 |                                               wcwidth.table_vs15
import time:       111 |        111 |                                               wcwidth.table_vs16
import time:       205 |        422 |                                             wcwidth._wcswidth
import time:       646 |        646 |                                             wcwidth.text_sizing
import time:       133 |        133 |                                             wcwidth.control_codes
import time:      1029 |       1029 |                                               wcwidth.sgr_state
import time:      1844 |       2872 |                                             wcwidth.escape_sequences
import time:       277 |       7505 |                                           wcwidth._width
import time:       600 |        600 |                                           wcwidth.grapheme
import time:       606 |        606 |                                           wcwidth.hyperlink
import time:       682 |       9392 |                                         wcwidth._clip
import time:       144 |        144 |                                         wcwidth.align
import time:       232 |        232 |                                         wcwidth.textwrap
import time:       149 |        149 |                                         wcwidth.wcwidth
import time:       328 |      10242 |                                       wcwidth
import time:       715 |      10956 |                                     prompt_toolkit.utils
import time:       322 |      11278 |                                   prompt_toolkit.key_binding.key_processor
import time:       164 |      15658 |                                 prompt_toolkit.key_binding
import time:       310 |      15967 |                               prompt_toolkit.key_binding.vi_state
import time:       358 |      16325 |                             prompt_toolkit.cursor_shapes
import time:       393 |        393 |                             prompt_toolkit.data_structures
import time:       503 |        503 |                               prompt_toolkit.styles.base
import time:       174 |        174 |                                 prompt_toolkit.styles.named_colors
import time:       459 |        459 |                                 prompt_toolkit.styles.style
import time:       253 |        885 |                               prompt_toolkit.styles.defaults
import time:       142 |        142 |                               prompt_toolkit.styles.pygments
import time:       139 |        139 |                                 colorsys
import time:       428 |        566 |                               prompt_toolkit.styles.style_transformation
import time:       199 |       2294 |                             prompt_toolkit.styles
import time:       286 |        286 |                             prompt_toolkit.output.color_depth
import time:       345 |      19641 |                           prompt_toolkit.output.base
import time:       117 |        117 |                               prompt_toolkit.output.flush_stdout
import time:       191 |        308 |                             prompt_toolkit.output.plain_text
import time:       148 |        456 |                           prompt_toolkit.output.defaults
import time:       124 |      20219 |                         prompt_toolkit.output
import time:       566 |      20785 |                       prompt_toolkit.output.vt100
import time:       409 |        409 |                         prompt_toolkit.mouse_events
import time:       385 |        793 |                       prompt_toolkit.formatted_text.base
import time:       475 |      22052 |                     prompt_toolkit.formatted_text.ansi
import time:       134 |        134 |                           xml
import time:       172 |        172 |                           xml.dom.domreg
import time:       368 |        672 |                         xml.dom
import time:       157 |        157 |                         xml.dom.minicompat
import time:       122 |        122 |                           xml.dom.NodeFilter
import time:       305 |        426 |                         xml.dom.xmlbuilder
import time:       989 |       2243 |                       xml.dom.minidom
import time:       244 |       2486 |                     prompt_toolkit.formatted_text.html
import time:       144 |        144 |                     prompt_toolkit.formatted_text.pygments
import time:       141 |        141 |                     prompt_toolkit.formatted_text.utils
import time:       166 |      24987 |                   prompt_toolkit.formatted_text
import time:       354 |      25341 |                 prompt_toolkit.completion.base
import time:       144 |        144 |                 prompt_toolkit.completion.deduplicate
import time:       177 |        177 |                 prompt_toolkit.completion.filesystem
import time:       142 |        142 |                   prompt_toolkit.completion.word_completer
import time:       390 |        531 |                 prompt_toolkit.completion.fuzzy_completer
import time:       230 |        230 |                 prompt_toolkit.completion.nested
import time:       207 |      26627 |               prompt_toolkit.completion
import time:       394 |        394 |               prompt_toolkit.history
import time:       286 |        286 |               prompt_toolkit.search
import time:       262 |        262 |               prompt_toolkit.validation
import time:       942 |      33396 |             prompt_toolkit.buffer
import time:       262 |        262 |                 prompt_toolkit.input.base
import time:       126 |        126 |                 prompt_toolkit.input.defaults
import time:       152 |        539 |               prompt_toolkit.input
import time:        18 |        557 |             prompt_toolkit.input.base
import time:       121 |        121 |             prompt_toolkit.input.typeahead
import time:       105 |        105 |               prompt_toolkit.key_binding.bindings
import time:       124 |        124 |               prompt_toolkit.key_binding.bindings.scroll
import time:       189 |        417 |             prompt_toolkit.key_binding.bindings.page_navigation
import time:       217 |        217 |                             prompt_toolkit.lexers.base
import time:       321 |        321 |                             prompt_toolkit.lexers.pygments
import time:       162 |        698 |                           prompt_toolkit.lexers
import time:       269 |        269 |                             prompt_toolkit.layout.utils
import time:       569 |        838 |                           prompt_toolkit.layout.processors
import time:      1251 |       2786 |                         prompt_toolkit.layout.controls
import time:       267 |        267 |                         prompt_toolkit.layout.dimension
import time:       236 |        236 |                         prompt_toolkit.layout.margins
import time:       140 |        140 |                         prompt_toolkit.layout.mouse_handlers
import time:       229 |        229 |                         prompt_toolkit.layout.screen
import time:      1273 |       4928 |                       prompt_toolkit.layout.containers
import time:       260 |        260 |                       prompt_toolkit.layout.layout
import time:       380 |        380 |                       prompt_toolkit.layout.menus
import time:       231 |        231 |                       prompt_toolkit.layout.scrollable_pane
import time:       198 |       5995 |                     prompt_toolkit.layout
import time:        18 |       6012 |                   prompt_toolkit.layout.controls
import time:       177 |        177 |                   prompt_toolkit.key_binding.bindings.completion
import time:       643 |       6831 |                 prompt_toolkit.key_binding.bindings.named_commands
import time:       189 |       7020 |               prompt_toolkit.key_binding.bindings.basic
import time:       125 |        125 |               prompt_toolkit.key_binding.bindings.cpr
import time:       253 |        253 |               prompt_toolkit.key_binding.bindings.emacs
import time:       208 |        208 |               prompt_toolkit.key_binding.bindings.mouse
import time:       278 |        278 |                   prompt_toolkit.input.ansi_escape_sequences
import time:       538 |        816 |                 prompt_toolkit.input.vt100_parser
import time:       473 |        473 |                 prompt_toolkit.key_binding.digraphs
import time:       790 |       2079 |               prompt_toolkit.key_binding.bindings.vi
import time:       176 |       9858 |             prompt_toolkit.key_binding.defaults
import time:       139 |        139 |             prompt_toolkit.key_binding.emacs_state
import time:       136 |        136 |             prompt_toolkit.layout.dummy
import time:       454 |        454 |             prompt_toolkit.renderer
import time:       710 |      58314 |           prompt_toolkit.application.application
import time:       220 |        220 |           prompt_toolkit.application.dummy
import time:       222 |      58756 |         prompt_toolkit.application
import time:       296 |        296 |                 prompt_toolkit.widgets.toolbars
import time:       593 |        889 |               prompt_toolkit.widgets.base
import time:       100 |        100 |                 prompt_toolkit.key_binding.bindings.focus
import time:       173 |        272 |               prompt_toolkit.widgets.dialogs
import time:       311 |        311 |               prompt_toolkit.widgets.menus
import time:       158 |       1629 |             prompt_toolkit.widgets
import time:       363 |       1992 |           prompt_toolkit.shortcuts.choice_input
import time:       214 |        214 |           prompt_toolkit.shortcuts.dialogs
import time:       114 |        114 |                   xml.parsers
import time:       441 |        441 |                     pyexpat
import time:       159 |        600 |                   xml.parsers.expat
import time:       582 |       1295 |                 xml.dom.expatbuilder
import time:       852 |       2147 |               prompt_toolkit.shortcuts.progress_bar.formatters
import time:       365 |       2511 |             prompt_toolkit.shortcuts.progress_bar.base
import time:       158 |       2669 |           prompt_toolkit.shortcuts.progress_bar
import time:       132 |        132 |             prompt_toolkit.key_binding.bindings.auto_suggest
import time:       124 |        124 |             prompt_toolkit.key_binding.bindings.open_in_editor
import time:       886 |       1142 |           prompt_toolkit.shortcuts.prompt
import time:       179 |        179 |           prompt_toolkit.shortcuts.utils
import time:       216 |       6408 |         prompt_toolkit.shortcuts
import time:       466 |        466 |           email.feedparser
import time:       277 |        742 |         email.parser
import time:      2460 |      78261 |       prompt_toolkit
import time:       126 |        126 |       cemd._config
import time:       306 |      79389 |     cemd.core._forcefield
import time:       128 |        128 |     cemd.core.visualization
import time:       500 |     456703 |   cemd.core.atomic_system
import time:       160 |     456863 | cemd
