import time: self [us] | cumulative | imported package
import time:       578 |        578 |   _io
import time:       131 |        131 |   marshal
import time:      1068 |       1068 |   posix
import time:       901 |       2676 | _frozen_importlib_external
import time:       237 |        237 |   time
import time:       271 |        508 | zipimport
import time:       118 |        118 |     _codecs
import time:       743 |        860 |   codecs
import time:      1019 |       1019 |   encodings.aliases
import time:      1647 |       3526 | encodings
import time:       473 |        473 | encodings.utf_8
import time:       190 |        190 | _signal
import time:        55 |         55 |     _abc
import time:       214 |        269 |   abc
import time:       311 |        580 | io
import time:        88 |         88 |       _stat
import time:       165 |        252 |     stat
import time:      1992 |       1992 |     _collections_abc
import time:       115 |        115 |       genericpath
import time:       172 |        287 |     posixpath
import time:       722 |       3252 |   os
import time:       152 |        152 |   _sitebuiltins
import time:      1546 |       1546 |   _distutils_hack
import time:       611 |        611 |   types
import time:       555 |        555 |       warnings
import time:       411 |        965 |     importlib
import time:       396 |        396 |     importlib._abc
import time:       170 |        170 |         itertools
import time:       235 |        235 |         keyword
import time:       108 |        108 |           _operator
import time:       464 |        571 |         operator
import time:       383 |        383 |         reprlib
import time:       253 |        253 |         _collections
import time:      1648 |       3258 |       collections
import time:        77 |         77 |         _functools
import time:       952 |       1028 |       functools
import time:      1075 |       5360 |     contextlib
import time:       480 |        480 |       _weakrefset
import time:      1288 |       1767 |     threading
import time:       288 |       8775 |   importlib.util
import time:       112 |        112 |   importlib.machinery
import time:      1122 |       1122 |   sitecustomize
import time:        83 |         83 |   usercustomize
import time:      2448 |      18097 | site
import time:      1347 |       1347 |       enum
import time:        80 |         80 |         _sre
import time:       331 |        331 |           re._constants
import time:       351 |        681 |         re._parser
import time:       139 |        139 |         re._casefix
import time:       317 |       1216 |       re._compiler
import time:       181 |        181 |       copyreg
import time:       536 |       3278 |     re
import time:       160 |        160 |       collections.abc
import time:       194 |        194 |           token
import time:       972 |       1166 |         tokenize
import time:       168 |       1333 |       linecache
import time:       915 |        915 |       textwrap
import time:       525 |       2932 |     traceback
import time:       461 |        461 |     weakref
import time:        40 |         40 |       _string
import time:       534 |        573 |     string
import time:        38 |         38 |     atexit
import time:      1698 |       8978 |   logging
import time:       156 |        156 |     _typing
import time:      2208 |       2364 |   typing
import time:       167 |        167 |   MDAnalysis.version
import time:       123 |        123 |   MDAnalysis.authors
import time:       214 |        214 |   MDAnalysis.exceptions
import time:       212 |        212 |           tqdm._monitor
import time:       112 |        112 |           tqdm._tqdm_pandas
import time:      1046 |       1046 |               _ast
import time:      1034 |       2080 |             ast
import time:       233 |        233 |                 math
import time:       295 |        295 |                 _datetime
import time:       886 |       1413 |               datetime
import time:       350 |        350 |               numbers
import time:       165 |        165 |                       _opcode
import time:       334 |        498 |                     opcode
import time:       668 |       1166 |                   dis
import time:      2210 |       3376 |                 inspect
import time:       177 |        177 |                 unicodedata
import time:        87 |         87 |                 envwrap
import time:       405 |       4043 |               tqdm.utils
import time:       870 |       6675 |             tqdm.std
import time:       177 |        177 |                   _csv
import time:       393 |        570 |                 csv
import time:       153 |        153 |                 email
import time:       146 |        146 |                   fnmatch
import time:        78 |         78 |                     _winapi
import time:        63 |         63 |                     nt
import time:        60 |         60 |                     nt
import time:        56 |         56 |                     nt
import time:        54 |         54 |                     nt
import time:        54 |         54 |                     nt
import time:       123 |        486 |                   ntpath
import time:        62 |         62 |                   errno
import time:       135 |        135 |                     urllib
import time:      1251 |       1251 |                     ipaddress
import time:       957 |       2342 |                   urllib.parse
import time:       727 |       3762 |                 pathlib
import time:       265 |        265 |                   binascii
import time:       194 |        194 |                     zlib
import time:       210 |        210 |                       _compression
import time:       195 |        195 |                       _bz2
import time:       327 |        731 |                     bz2
import time:       265 |        265 |                       _lzma
import time:       232 |        496 |                     lzma
import time:       556 |       1976 |                   shutil
import time:       177 |        177 |                     _struct
import time:       146 |        322 |                   struct
import time:       864 |       3425 |                 zipfile
import time:       164 |        164 |                     quopri
import time:       138 |        138 |                           _bisect
import time:       138 |        275 |                         bisect
import time:       134 |        134 |                         _random
import time:       220 |        220 |                         _sha512
import time:       356 |        984 |                       random
import time:       298 |        298 |                         _socket
import time:       165 |        165 |                           select
import time:       505 |        669 |                         selectors
import time:       280 |        280 |                         array
import time:      1478 |       2723 |                       socket
import time:       166 |        166 |                             _locale
import time:       834 |       1000 |                           locale
import time:       514 |       1513 |                         calendar
import time:       291 |       1804 |                       email._parseaddr
import time:       230 |        230 |                           base64
import time:       126 |        355 |                         email.base64mime
import time:       226 |        226 |                         email.quoprimime
import time:       397 |        397 |                         email.errors
import time:       118 |        118 |                         email.encoders
import time:       233 |       1327 |                       email.charset
import time:       504 |       7339 |                     email.utils
import time:       526 |        526 |                       email.header
import time:       292 |        818 |                     email._policybase
import time:       261 |        261 |                     email._encoded_words
import time:       127 |        127 |                     email.iterators
import time:       557 |       9263 |                   email.message
import time:       104 |        104 |                     importlib.metadata._functools
import time:       153 |        256 |                   importlib.metadata._text
import time:       288 |       9806 |                 importlib.metadata._adapters
import time:       392 |        392 |                 importlib.metadata._meta
import time:      1315 |       1315 |                 importlib.metadata._collections
import time:       136 |        136 |                 importlib.metadata._itertools
import time:       397 |        397 |                         tempfile
import time:       310 |        310 |                         importlib.resources.abc
import time:       344 |        344 |                         importlib.resources._adapters
import time:       286 |       1335 |                       importlib.resources._common
import time:       185 |        185 |                       importlib.resources._legacy
import time:       153 |       1672 |                     importlib.resources
import time:        16 |       1688 |                   importlib.resources.abc
import time:       383 |       2071 |                 importlib.abc
import time:      1239 |      22864 |               importlib.metadata
import time:       573 |        573 |                 email.feedparser
import time:       208 |        780 |               email.parser
import time:      3071 |      26715 |             tqdm.version
import time:       422 |      35890 |           tqdm.cli
import time:       494 |        494 |           tqdm.gui
import time:       307 |      37014 |         tqdm
import time:       114 |        114 |         tqdm.autonotebook
import time:       131 |        131 |                 concurrent
import time:       554 |        554 |                 concurrent.futures._base
import time:       175 |        859 |               concurrent.futures
import time:       177 |        177 |                 _heapq
import time:       187 |        364 |               heapq
import time:       532 |        532 |                 signal
import time:       169 |        169 |                 fcntl
import time:        74 |         74 |                 msvcrt
import time:       137 |        137 |                 _posixsubprocess
import time:       498 |       1408 |               subprocess
import time:      1551 |       1551 |                 _ssl
import time:      2186 |       3736 |               ssl
import time:       271 |        271 |               asyncio.constants
import time:       130 |        130 |               asyncio.coroutines
import time:       142 |        142 |                   _contextvars
import time:       133 |        274 |                 contextvars
import time:       119 |        119 |                 asyncio.format_helpers
import time:       124 |        124 |                   asyncio.base_futures
import time:       193 |        193 |                   asyncio.exceptions
import time:       125 |        125 |                   asyncio.base_tasks
import time:       332 |        773 |                 _asyncio
import time:       462 |       1627 |               asyncio.events
import time:       210 |        210 |               asyncio.futures
import time:       176 |        176 |               asyncio.protocols
import time:       239 |        239 |                 asyncio.transports
import time:       106 |        106 |                 asyncio.log
import time:       557 |        901 |               asyncio.sslproto
import time:       119 |        119 |                   asyncio.mixins
import time:       297 |        297 |                   asyncio.tasks
import time:       519 |        934 |                 asyncio.locks
import time:       308 |       1242 |               asyncio.staggered
import time:       159 |        159 |               asyncio.trsock
import time:       711 |      11788 |             asyncio.base_events
import time:       299 |        299 |             asyncio.runners
import time:       868 |        868 |             asyncio.queues
import time:       408 |        408 |             asyncio.streams
import time:       256 |        256 |             asyncio.subprocess
import time:       156 |        156 |             asyncio.taskgroups
import time:       435 |        435 |             asyncio.timeouts
import time:       144 |        144 |             asyncio.threads
import time:       254 |        254 |               asyncio.base_subprocess
import time:       605 |        605 |               asyncio.selector_events
import time:       749 |       1607 |             asyncio.unix_events
import time:       328 |      16285 |           asyncio
import time:       175 |      16459 |         tqdm.asyncio
import time:       158 |      53743 |       tqdm.auto
import time:       277 |      54019 |     MDAnalysis.lib.log
import time:       332 |        332 |         numpy.version
import time:       209 |        209 |         numpy._expired_attrs_2_0
import time:       222 |        222 |             numpy._utils._convertions
import time:       224 |        445 |           numpy._utils
import time:       417 |        862 |         numpy._globals
import time:        41 |         41 |           numpy._distributor_init_local
import time:       180 |        221 |         numpy._distributor_init
import time:      2487 |       2487 |                   numpy.exceptions
import time:       361 |        361 |                   numpy._core._exceptions
import time:       156 |        156 |                   numpy._core.printoptions
import time:       164 |        164 |                   numpy.dtypes
import time:     10326 |      13493 |                 numpy._core._multiarray_umath
import time:       211 |        211 |                   numpy._utils._inspect
import time:       459 |        669 |                 numpy._core.overrides
import time:      5721 |      19882 |               numpy._core.multiarray
import time:       345 |        345 |               numpy._core.umath
import time:       845 |        845 |                 numpy._core._dtype
import time:       178 |        178 |                 numpy._core._string_helpers
import time:       496 |        496 |                 numpy._core._type_aliases
import time:       455 |       1972 |               numpy._core.numerictypes
import time:       368 |        368 |                           _compat_pickle
import time:       445 |        445 |                           _pickle
import time:       117 |        117 |                               org
import time:        34 |        150 |                             org.python
import time:        23 |        173 |                           org.python.core
import time:      4291 |       5275 |                         pickle
import time:      3479 |       8754 |                       numpy._core._methods
import time:      1033 |       9787 |                     numpy._core.fromnumeric
import time:       374 |      10160 |                   numpy._core.shape_base
import time:       259 |        259 |                   numpy._core._ufunc_config
import time:       194 |        194 |                   numpy._core._asarray
import time:       744 |        744 |                   numpy._core.arrayprint
import time:      1137 |      12492 |                 numpy._core.numeric
import time:       527 |      13018 |               numpy._core.einsumfunc
import time:       311 |        311 |               numpy._core.function_base
import time:      3394 |       3394 |               numpy._core.getlimits
import time:       293 |        293 |               numpy._core.memmap
import time:       559 |        559 |               numpy._core.records
import time:     18853 |      18853 |               numpy._core._add_newdocs
import time:      1128 |       1128 |               numpy._core._add_newdocs_scalars
import time:       169 |        169 |               numpy._core._dtype_ctypes
import time:       566 |        566 |                   _ctypes
import time:       409 |        409 |                   ctypes._endian
import time:      4469 |       5443 |                 ctypes
import time:       855 |       6298 |               numpy._core._internal
import time:       185 |        185 |               numpy._pytesttester
import time:      6856 |      73257 |             numpy._core
import time:        21 |      73278 |           numpy._core._multiarray_umath
import time:       479 |      73756 |         numpy.__config__
import time:       336 |        336 |                           numpy._typing._nbit_base
import time:       274 |        274 |                           numpy._typing._nested_sequence
import time:       140 |        140 |                           numpy._typing._shape
import time:      9043 |       9792 |                         numpy._typing._array_like
import time:      5525 |       5525 |                         numpy._typing._char_codes
import time:      6292 |       6292 |                         numpy._typing._dtype_like
import time:       184 |        184 |                         numpy._typing._nbit
import time:       153 |        153 |                         numpy._typing._scalars
import time:       134 |        134 |                         numpy._typing._ufunc
import time:      3484 |      25561 |                       numpy._typing
import time:       288 |        288 |                         numpy.lib._stride_tricks_impl
import time:       433 |        721 |                       numpy.lib._twodim_base_impl
import time:       127 |        127 |                         numpy.lib._array_utils_impl
import time:       165 |        292 |                       numpy.lib.array_utils
import time:       374 |        374 |                       numpy.linalg._umath_linalg
import time:      2049 |      28996 |                     numpy.linalg._linalg
import time:      3187 |      32182 |                   numpy.linalg
import time:       394 |      32575 |                 numpy.matrixlib.defmatrix
import time:       291 |      32866 |               numpy.matrixlib
import time:       325 |        325 |                 numpy.lib._histograms_impl
import time:      1390 |       1714 |               numpy.lib._function_base_impl
import time:       580 |      35159 |             numpy.lib._index_tricks_impl
import time:       428 |      35586 |           numpy.lib._arraypad_impl
import time:       864 |        864 |           numpy.lib._arraysetops_impl
import time:       253 |        253 |           numpy.lib._arrayterator_impl
import time:      1434 |       1434 |           numpy.lib._nanfunctions_impl
import time:      5361 |       5361 |                   platform
import time:       342 |       5702 |                 numpy.lib._utils_impl
import time:       282 |       5984 |               numpy.lib._format_impl
import time:       163 |       6146 |             numpy.lib.format
import time:       347 |        347 |             numpy.lib._datasource
import time:       447 |        447 |             numpy.lib._iotools
import time:       953 |       7892 |           numpy.lib._npyio_impl
import time:       242 |        242 |               numpy.lib._ufunclike_impl
import time:       342 |        584 |             numpy.lib._type_check_impl
import time:      3817 |       4400 |           numpy.lib._polynomial_impl
import time:       800 |        800 |           numpy.lib._shape_base_impl
import time:       206 |        206 |           numpy.lib._version
import time:       136 |        136 |           numpy.lib.introspect
import time:       232 |        232 |           numpy.lib.mixins
import time:       120 |        120 |           numpy.lib.npyio
import time:       363 |        363 |             numpy.lib._scimath_impl
import time:       145 |        508 |           numpy.lib.scimath
import time:       151 |        151 |           numpy.lib.stride_tricks
import time:      4334 |      56910 |         numpy.lib
import time:       233 |        233 |         numpy._array_api_info
import time:      1796 |     134315 |       numpy
import time:       636 |        636 |         gzip
import time:       153 |        153 |                 mmtf.utils
import time:       308 |        461 |               mmtf.utils.constants
import time:       126 |        126 |               urllib2
import time:      2292 |       2292 |                   _hashlib
import time:       363 |        363 |                   _blake2
import time:       508 |       3162 |                 hashlib
import time:      1152 |       1152 |                   http
import time:      1420 |       2572 |                 http.client
import time:       316 |        316 |                   urllib.response
import time:       404 |        719 |                 urllib.error
import time:      2167 |       8618 |               urllib.request
import time:       265 |        265 |                 msgpack.exceptions
import time:       333 |        333 |                 msgpack.ext
import time:       393 |        393 |                 msgpack._cmsgpack
import time:       302 |       1292 |               msgpack
import time:       112 |        112 |                     mmtf.utils.codec_utils
import time:       205 |        205 |                           __future__
import time:       180 |        385 |                         mmtf.converters.numpy_converters
import time:       161 |        161 |                         mmtf.converters.converters
import time:       125 |        670 |                       mmtf.converters
import time:       135 |        135 |                         mmtf.codecs.decoders.numpy_decoders
import time:       119 |        253 |                       mmtf.codecs.decoders
import time:       143 |        143 |                         mmtf.codecs.encoders.encoders
import time:       132 |        274 |                       mmtf.codecs.encoders
import time:       348 |       1544 |                     mmtf.codecs.codecs
import time:       193 |       1848 |                   mmtf.codecs.default_codec
import time:       128 |       1975 |                 mmtf.codecs
import time:       242 |        242 |                 mmtf.utils.decoder_utils
import time:       311 |       2527 |               mmtf.api.mmtf_reader
import time:       267 |        267 |               mmtf.api.mmtf_writer
import time:       552 |      13839 |             mmtf.api.default_api
import time:       239 |      14077 |           mmtf.api
import time:       290 |      14367 |         mmtf
import time:       245 |        245 |               unittest.util
import time:       303 |        547 |             unittest.result
import time:       905 |        905 |               difflib
import time:        90 |         90 |                         org
import time:        51 |        141 |                       org.python
import time:        18 |        158 |                     org.python.core
import time:       348 |        506 |                   copy
import time:       747 |       1252 |                 dataclasses
import time:       560 |       1812 |               pprint
import time:       917 |       3633 |             unittest.case
import time:       490 |        490 |             unittest.suite
import time:      1003 |       1003 |             unittest.loader
import time:      1060 |       1060 |                 gettext
import time:      1017 |       2077 |               argparse
import time:       149 |        149 |                 unittest.signals
import time:       320 |        468 |               unittest.runner
import time:       521 |       3065 |             unittest.main
import time:       379 |       9114 |           unittest
import time:       186 |        186 |           numpy.testing._private
import time:       125 |        125 |           numpy.testing.overrides
import time:       519 |        519 |             sysconfig
import time:       274 |        793 |           numpy.testing._private.extbuild
import time:       176 |        176 |             gc
import time:       333 |        333 |                   _json
import time:       522 |        855 |                 json.scanner
import time:       682 |       1536 |               json.decoder
import time:       647 |        647 |               json.encoder
import time:       409 |       2590 |             json
import time:      1167 |       1167 |             _sysconfigdata__linux_x86_64-linux-gnu
import time:      3541 |       7473 |           numpy.testing._private.utils
import time:       242 |      17930 |         numpy.testing
import time:       327 |        327 |         MDAnalysis.lib.picklable_file_io
import time:       417 |        417 |         MDAnalysis.lib._cutil
import time:      2338 |      36013 |       MDAnalysis.lib.util
import time:       489 |        489 |           numpy._typing._add_docstring
import time:       206 |        694 |         numpy.typing
import time:       302 |        995 |       MDAnalysis.lib.mdamath
import time:       283 |        283 |       _transformations
import time:       748 |     172351 |     MDAnalysis.lib.transformations
import time:       476 |        476 |       MDAnalysis.lib._augment
import time:       344 |        344 |       MDAnalysis.lib.nsgrid
import time:       320 |        320 |       MDAnalysis.lib.c_distances
import time:       169 |        169 |           packaging
import time:       155 |        155 |           packaging._structures
import time:      2895 |       3217 |         packaging.version
import time:       138 |        138 |         distopia
import time:       294 |       3648 |       MDAnalysis.lib._distopia
import time:      1437 |       6223 |     MDAnalysis.lib.distances
import time:       239 |        239 |             MDAnalysis.core.accessors
import time:       542 |        542 |               MDAnalysis.selections.base
import time:       186 |        186 |               MDAnalysis.selections.vmd
import time:       159 |        159 |               MDAnalysis.selections.pymol
import time:       155 |        155 |               MDAnalysis.selections.gromacs
import time:       144 |        144 |               MDAnalysis.selections.charmm
import time:       148 |        148 |               MDAnalysis.selections.jmol
import time:       357 |       1689 |             MDAnalysis.selections
import time:      1215 |       1215 |             MDAnalysis.core.selection
import time:       669 |        669 |             MDAnalysis.core.topologyobjects
import time:       216 |        216 |             MDAnalysis.core._get_readers
import time:      1560 |       5586 |           MDAnalysis.core.groups
import time:       191 |       5777 |         MDAnalysis.core
import time:        32 |       5808 |       MDAnalysis.core.groups
import time:       458 |       6266 |     MDAnalysis.lib.NeighborSearch
import time:       304 |        304 |         MDAnalysis.lib.formats.cython_util
import time:       782 |       1085 |       MDAnalysis.lib.formats.libmdaxdr
import time:       501 |        501 |       MDAnalysis.lib.formats.libdcd
import time:       230 |       1815 |     MDAnalysis.lib.formats
import time:       578 |        578 |           scipy.__config__
import time:       154 |        154 |           scipy.version
import time:        36 |         36 |             scipy._distributor_init_local
import time:       168 |        203 |           scipy._distributor_init
import time:        80 |         80 |               cython
import time:       399 |        479 |             scipy._lib._testutils
import time:       146 |        625 |           scipy._lib
import time:      1912 |       1912 |           scipy._lib._pep440
import time:       303 |        303 |               scipy._cyutility
import time:       476 |        778 |             scipy._lib._ccallback_c
import time:       293 |       1070 |           scipy._lib._ccallback
import time:       441 |       4978 |         scipy
import time:      1340 |       1340 |                             scipy._lib.array_api_compat.common._typing
import time:       572 |       1911 |                           scipy._lib.array_api_compat.common._helpers
import time:       196 |       2106 |                         scipy._lib.array_api_compat.common
import time:       146 |       2252 |                       scipy._lib.array_api_compat
import time:       173 |        173 |                         scipy._lib.array_api_compat._internal
import time:     11293 |      11293 |                           numpy.ma.core
import time:      1114 |       1114 |                           numpy.ma.extras
import time:       295 |      12700 |                         numpy.ma
import time:       532 |        532 |                             numpy._core.strings
import time:       170 |        170 |                             numpy.strings
import time:       628 |       1329 |                           numpy._core.defchararray
import time:       192 |       1521 |                         numpy.char
import time:       495 |        495 |                               numpy.random._common
import time:       285 |        285 |                                 hmac
import time:       427 |        712 |                               secrets
import time:       553 |       1759 |                             numpy.random.bit_generator
import time:       389 |       2148 |                           numpy.random._bounded_integers
import time:       245 |        245 |                               numpy.random._pcg64
import time:      1402 |       1646 |                             numpy.random._generator
import time:       224 |        224 |                             numpy.random._mt19937
import time:       235 |        235 |                             numpy.random._philox
import time:       206 |        206 |                             numpy.random._sfc64
import time:      1299 |       1299 |                             numpy.random.mtrand
import time:       247 |       3855 |                           numpy.random._pickle
import time:       229 |       6231 |                         numpy.random
import time:       197 |        197 |                         numpy.rec
import time:       279 |        279 |                           numpy.f2py.diagnose
import time:       134 |        134 |                             numpy.f2py._backends
import time:       123 |        123 |                             numpy.f2py.__version__
import time:       234 |        234 |                               numpy.f2py.cfuncs
import time:       898 |       1132 |                             numpy.f2py.auxfuncs
import time:      1442 |       1442 |                               numpy.f2py.cb_rules
import time:       232 |        232 |                               numpy.f2py._isocbind
import time:       326 |        326 |                                 fileinput
import time:       326 |        326 |                                       81d243bd2c585b0f4821__mypyc
import time:      1145 |       1145 |                                       charset_normalizer.constant
import time:       205 |        205 |                                         _multibytecodec
import time:       498 |        702 |                                       charset_normalizer.utils
import time:       341 |        341 |                                       charset_normalizer.models
import time:       480 |       2992 |                                     charset_normalizer.cd
import time:       177 |        177 |                                     _codecs_tw
import time:       146 |        146 |                                     _codecs_hk
import time:       203 |        203 |                                     _codecs_jp
import time:       202 |        202 |                                     _codecs_kr
import time:       161 |        161 |                                     _codecs_cn
import time:       149 |        149 |                                     _codecs_iso2022
import time:     17896 |      21922 |                                   charset_normalizer.api
import time:       141 |        141 |                                   charset_normalizer.legacy
import time:       106 |        106 |                                   charset_normalizer.version
import time:       276 |      22443 |                                 charset_normalizer
import time:      1297 |       1297 |                                 numpy.f2py.symbolic
import time:     11329 |      35394 |                               numpy.f2py.crackfortran
import time:       604 |      37670 |                             numpy.f2py.capi_maps
import time:       192 |        192 |                               numpy.f2py.func2subr
import time:       287 |        479 |                             numpy.f2py.f90mod_rules
import time:       178 |        178 |                               numpy.f2py.common_rules
import time:       131 |        131 |                               numpy.f2py.use_rules
import time:      4458 |       4767 |                             numpy.f2py.rules
import time:       438 |      44740 |                           numpy.f2py.f2py2e
import time:       256 |      45274 |                         numpy.f2py
import time:       210 |        210 |                             numpy.polynomial.polyutils
import time:       333 |        333 |                             numpy.polynomial._polybase
import time:       486 |       1028 |                           numpy.polynomial.chebyshev
import time:       267 |        267 |                           numpy.polynomial.hermite
import time:       325 |        325 |                           numpy.polynomial.hermite_e
import time:       244 |        244 |                           numpy.polynomial.laguerre
import time:       254 |        254 |                           numpy.polynomial.legendre
import time:       290 |        290 |                           numpy.polynomial.polynomial
import time:       261 |       2668 |                         numpy.polynomial
import time:       146 |        146 |                           numpy.core._utils
import time:       140 |        285 |                         numpy.core
import time:       389 |        389 |                           numpy.ctypeslib._ctypeslib
import time:       136 |        524 |                         numpy.ctypeslib
import time:       272 |        272 |                           numpy.fft._helper
import time:       234 |        234 |                             numpy.fft._pocketfft_umath
import time:       340 |        573 |                           numpy.fft._pocketfft
import time:       190 |       1034 |                         numpy.fft
import time:       663 |        663 |                           scipy._lib.array_api_compat.common._aliases
import time:       141 |        141 |                           scipy._lib.array_api_compat.numpy._typing
import time:      1294 |       2097 |                         scipy._lib.array_api_compat.numpy._aliases
import time:       166 |        166 |                         scipy._lib.array_api_compat.numpy._info
import time:       753 |        753 |                           scipy._lib.array_api_compat.common._linalg
import time:       539 |       1291 |                         scipy._lib.array_api_compat.numpy.linalg
import time:       186 |        186 |                           scipy._lib.array_api_compat.common._fft
import time:       643 |        828 |                         scipy._lib.array_api_compat.numpy.fft
import time:      1131 |      76113 |                       scipy._lib.array_api_compat.numpy
import time:       106 |        106 |                             scipy._lib.array_api_extra._lib
import time:       136 |        136 |                                 scipy._lib.array_api_extra._lib._utils
import time:       120 |        120 |                                       scipy._lib._sparse
import time:       335 |        454 |                                     scipy._lib._array_api_override
import time:       147 |        601 |                                   scipy._lib._array_api_compat_vendor
import time:       271 |        871 |                                 scipy._lib.array_api_extra._lib._utils._compat
import time:       208 |        208 |                                   scipy._lib.array_api_extra._lib._utils._typing
import time:       368 |        575 |                                 scipy._lib.array_api_extra._lib._utils._helpers
import time:      1142 |       2723 |                               scipy._lib.array_api_extra._lib._at
import time:       334 |       3057 |                             scipy._lib.array_api_extra._lib._funcs
import time:       287 |       3448 |                           scipy._lib.array_api_extra._delegation
import time:       198 |        198 |                           scipy._lib.array_api_extra._lib._lazy
import time:       182 |       3827 |                         scipy._lib.array_api_extra
import time:       294 |       4121 |                       scipy._lib.array_api_extra.testing
import time:       393 |        393 |                           pkgutil
import time:      1296 |       1689 |                         pydoc
import time:      1404 |       3092 |                       scipy._lib._docscrape
import time:       882 |      86458 |                     scipy._lib._array_api
import time:       945 |      87402 |                   scipy._lib._util
import time:      1405 |      88807 |                 scipy.sparse._sputils
import time:       181 |        181 |                 scipy.sparse._matrix
import time:       638 |      89626 |               scipy.sparse._base
import time:       339 |        339 |                 scipy.sparse._sparsetools
import time:       258 |        258 |                   scipy.sparse._data
import time:       199 |        199 |                   scipy.sparse._index
import time:       429 |        885 |                 scipy.sparse._compressed
import time:       308 |       1530 |               scipy.sparse._csr
import time:       235 |        235 |               scipy.sparse._csc
import time:       786 |        786 |                 scipy.sparse._csparsetools
import time:       304 |       1090 |               scipy.sparse._lil
import time:       400 |        400 |               scipy.sparse._dok
import time:       581 |        581 |               scipy.sparse._coo
import time:       272 |        272 |               scipy.sparse._dia
import time:       324 |        324 |               scipy.sparse._bsr
import time:       172 |        172 |                 scipy._lib.deprecation
import time:      2135 |       2306 |               scipy.sparse._construct
import time:       149 |        149 |               scipy.sparse._extract
import time:       163 |        163 |               scipy.sparse._matrix_io
import time:       134 |        134 |               scipy.sparse.base
import time:       101 |        101 |               scipy.sparse.bsr
import time:        98 |         98 |               scipy.sparse.compressed
import time:       101 |        101 |               scipy.sparse.construct
import time:        93 |         93 |               scipy.sparse.coo
import time:        88 |         88 |               scipy.sparse.csc
import time:        86 |         86 |               scipy.sparse.csr
import time:        87 |         87 |               scipy.sparse.data
import time:        90 |         90 |               scipy.sparse.dia
import time:       108 |        108 |               scipy.sparse.dok
import time:        92 |         92 |               scipy.sparse.extract
import time:        90 |         90 |               scipy.sparse.lil
import time:        88 |         88 |               scipy.sparse.sparsetools
import time:        91 |         91 |               scipy.sparse.sputils
import time:       716 |      98726 |             scipy.sparse
import time:       623 |      99349 |           scipy.spatial._ckdtree
import time:       345 |      99694 |         scipy.spatial._kdtree
import time:       229 |        229 |           scipy._lib.messagestream
import time:      2837 |       2837 |                   scipy.linalg._fblas
import time:        59 |         59 |                   scipy.linalg._cblas
import time:       300 |       3195 |                 scipy.linalg.blas
import time:      1433 |       1433 |                   scipy.linalg._flapack
import time:        45 |         45 |                   scipy.linalg._clapack
import time:      1409 |       2886 |                 scipy.linalg.lapack
import time:       302 |       6382 |               scipy.linalg._misc
import time:      1997 |       1997 |                 scipy.linalg.cython_lapack
import time:      1968 |       3965 |               scipy.linalg._cythonized_array_utils
import time:      7603 |       7603 |                 scipy.linalg._decomp
import time:      2880 |       2880 |                 scipy.linalg._decomp_svd
import time:       363 |        363 |                 scipy.linalg._solve_toeplitz
import time:       295 |        295 |                 scipy.linalg._batched_linalg
import time:      5492 |      16631 |               scipy.linalg._basic
import time:       293 |        293 |                 scipy.linalg._decomp_lu_cython
import time:       970 |       1262 |               scipy.linalg._decomp_lu
import time:       958 |        958 |               scipy.linalg._decomp_ldl
import time:      1733 |       1733 |               scipy.linalg._decomp_cholesky
import time:      2052 |       2052 |               scipy.linalg._decomp_qr
import time:      2150 |       2150 |               scipy.linalg._decomp_qz
import time:      1642 |       1642 |               scipy.linalg._decomp_schur
import time:       667 |        667 |               scipy.linalg._decomp_polar
import time:      1147 |       1147 |                 scipy.linalg._expm_frechet
import time:       757 |        757 |                 scipy.linalg._matfuncs_schur_sqrtm
import time:       629 |        629 |                 scipy.linalg._matfuncs_expm
import time:       214 |        214 |                 scipy.linalg._linalg_pythran
import time:      3576 |       6321 |               scipy.linalg._matfuncs
import time:      1821 |       1821 |               scipy.linalg._special_matrices
import time:      1530 |       1530 |               scipy.linalg._solvers
import time:      2118 |       2118 |               scipy.linalg._procrustes
import time:       619 |        619 |                 scipy.linalg.cython_blas
import time:      2962 |       3581 |               scipy.linalg._decomp_update
import time:       970 |        970 |               scipy.linalg._sketches
import time:       285 |        285 |               scipy.linalg._decomp_cossin
import time:       137 |        137 |               scipy.linalg.decomp
import time:       127 |        127 |               scipy.linalg.decomp_cholesky
import time:       124 |        124 |               scipy.linalg.decomp_lu
import time:       121 |        121 |               scipy.linalg.decomp_qr
import time:       119 |        119 |               scipy.linalg.decomp_svd
import time:       131 |        131 |               scipy.linalg.decomp_schur
import time:       121 |        121 |               scipy.linalg.basic
import time:       115 |        115 |               scipy.linalg.misc
import time:       121 |        121 |               scipy.linalg.special_matrices
import time:       122 |        122 |               scipy.linalg.matfuncs
import time:      1997 |      57289 |             scipy.linalg
import time:        17 |      57305 |           scipy.linalg.cython_lapack
import time:       801 |      58335 |         scipy.spatial._qhull
import time:       283 |        283 |           scipy.spatial._voronoi
import time:       242 |        524 |         scipy.spatial._spherical_voronoi
import time:       165 |        165 |         scipy.spatial._plotutils
import time:       144 |        144 |         scipy.spatial._procrustes
import time:     12629 |      12629 |               scipy.special._sf_error
import time:       391 |        391 |                 scipy.special._ufuncs_cxx
import time:       289 |        289 |                 scipy.special._ellip_harm_2
import time:       890 |        890 |                 scipy.special._special_ufuncs
import time:       304 |        304 |                 scipy.special._gufuncs
import time:      1535 |       3407 |               scipy.special._ufuncs
import time:       128 |        128 |                 scipy.special._input_validation
import time:       522 |        522 |                 scipy.special._specfun
import time:       203 |        203 |                 scipy.special._comb
import time:       778 |       1629 |               scipy.special._basic
import time:       144 |        144 |                 scipy.special._spfun_stats
import time:     48053 |      48197 |               scipy.special._support_alternative_backends
import time:      2024 |       2024 |               scipy.special._logsumexp
import time:       447 |        447 |               scipy.special._multiufuncs
import time:       509 |        509 |               scipy.special._orthogonal
import time:       242 |        242 |               scipy.special._ellip_harm
import time:       130 |        130 |               scipy.special._lambertw
import time:       177 |        177 |               scipy.special._spherical_bessel
import time:       185 |        185 |               scipy.special.add_newdocs
import time:       151 |        151 |               scipy.special.basic
import time:       146 |        146 |               scipy.special.orthogonal
import time:       111 |        111 |               scipy.special.specfun
import time:        90 |         90 |               scipy.special.sf_error
import time:        90 |         90 |               scipy.special.spfun_stats
import time:      1314 |      71471 |             scipy.special
import time:       260 |        260 |             scipy.spatial._hausdorff
import time:       376 |        376 |             scipy.spatial._distance_pybind
import time:       150 |        150 |             scipy.spatial._distance_wrap
import time:      2515 |      74770 |           scipy.spatial.distance
import time:       169 |      74939 |         scipy.spatial._geometric_slerp
import time:       116 |        116 |         scipy.spatial.ckdtree
import time:        95 |         95 |         scipy.spatial.kdtree
import time:        94 |         94 |         scipy.spatial.qhull
import time:       514 |        514 |             scipy.spatial.transform._rotation_cy
import time:       354 |        354 |             scipy.spatial.transform._rotation_xp
import time:      5040 |       5040 |                 scipy.constants._codata
import time:       891 |        891 |                 scipy.constants._constants
import time:       112 |        112 |                 scipy.constants.codata
import time:       132 |        132 |                 scipy.constants.constants
import time:       827 |       6999 |               scipy.constants
import time:       149 |       7148 |             scipy.spatial.transform._rotation_groups
import time:      9687 |      17702 |           scipy.spatial.transform._rotation
import time:       345 |        345 |             scipy.spatial.transform._rigid_transform_cy
import time:       213 |        213 |             scipy.spatial.transform._rigid_transform_xp
import time:      6164 |       6721 |           scipy.spatial.transform._rigid_transform
import time:       265 |        265 |           scipy.spatial.transform._rotation_spline
import time:       113 |        113 |           scipy.spatial.transform.rotation
import time:       195 |      24994 |         scipy.spatial.transform
import time:       334 |     264408 |       scipy.spatial
import time:       273 |     264680 |     MDAnalysis.lib.pkdtree
import time:       461 |     505814 |   MDAnalysis.lib
import time:       241 |        241 |   MDAnalysis.units
import time:       320 |        320 |       _uuid
import time:       448 |        768 |     uuid
import time:       131 |        131 |           Bio
import time:        51 |        182 |         Bio.Seq
import time:      7096 |       7277 |       MDAnalysis.core.topologyattrs
import time:       345 |       7622 |     MDAnalysis.core.topology
import time:       253 |        253 |         MDAnalysis.guesser.base
import time:       308 |        308 |           MDAnalysis.guesser.tables
import time:       241 |        549 |         MDAnalysis.guesser.default_guesser
import time:       194 |        995 |       MDAnalysis.guesser
import time:        17 |       1011 |     MDAnalysis.guesser.base
import time:       599 |       9998 |   MDAnalysis.core.universe
import time:       119 |        119 |           MDAnalysis.coordinates.core
import time:       345 |        464 |         MDAnalysis.coordinates.timestep
import time:       107 |        107 |               MDAnalysis.auxiliary.core
import time:       471 |        578 |             MDAnalysis.auxiliary.base
import time:       240 |        240 |             MDAnalysis.auxiliary.XVG
import time:        76 |         76 |               pyedr
import time:       289 |        364 |             MDAnalysis.auxiliary.EDR
import time:       180 |       1360 |           MDAnalysis.auxiliary
import time:        22 |       1381 |         MDAnalysis.auxiliary.base
import time:      1068 |       2913 |       MDAnalysis.coordinates.base
import time:       338 |        338 |       MDAnalysis.coordinates.chain
import time:        74 |         74 |         chemfiles
import time:       344 |        417 |       MDAnalysis.coordinates.chemfiles
import time:       208 |        208 |       MDAnalysis.coordinates.CRD
import time:       315 |        315 |       MDAnalysis.coordinates.DCD
import time:       330 |        330 |       MDAnalysis.coordinates.DLPoly
import time:       611 |        611 |             _sqlite3
import time:       264 |        874 |           sqlite3.dbapi2
import time:       159 |       1033 |         sqlite3
import time:       173 |       1206 |       MDAnalysis.coordinates.DMS
import time:       238 |        238 |       MDAnalysis.coordinates.GMS
import time:       236 |        236 |       MDAnalysis.coordinates.GRO
import time:        71 |         71 |         imdclient
import time:       311 |        381 |       MDAnalysis.coordinates.IMD
import time:       152 |        152 |       MDAnalysis.coordinates.INPCRD
import time:      1189 |       1189 |               MDAnalysis.topology.guessers
import time:       296 |       1484 |             MDAnalysis.topology.core
import time:       214 |        214 |               MDAnalysis.topology.base
import time:       281 |        495 |             MDAnalysis.topology.PSFParser
import time:       313 |        313 |             MDAnalysis.topology.TOPParser
import time:       237 |        237 |             MDAnalysis.topology.PDBParser
import time:       134 |        134 |             MDAnalysis.topology.ExtendedPDBParser
import time:       156 |        156 |             MDAnalysis.topology.PQRParser
import time:       144 |        144 |             MDAnalysis.topology.GROParser
import time:       145 |        145 |             MDAnalysis.topology.CRDParser
import time:       141 |        141 |             MDAnalysis.topology.PDBQTParser
import time:       213 |        213 |             MDAnalysis.topology.DMSParser
import time:       333 |        333 |                 MDAnalysis.topology.tpr.setting
import time:       140 |        472 |               MDAnalysis.topology.tpr
import time:       281 |        281 |                   mda_xdrlib.xdrlib
import time:        98 |         98 |                   mda_xdrlib._version
import time:       228 |        605 |                 mda_xdrlib
import time:       903 |        903 |                 MDAnalysis.topology.tpr.obj
import time:       369 |       1876 |               MDAnalysis.topology.tpr.utils
import time:       193 |       2541 |             MDAnalysis.topology.TPRParser
import time:       178 |        178 |             MDAnalysis.topology.MOL2Parser
import time:       337 |        337 |             MDAnalysis.topology.LAMMPSParser
import time:       142 |        142 |             MDAnalysis.topology.XYZParser
import time:       142 |        142 |             MDAnalysis.topology.TXYZParser
import time:       164 |        164 |             MDAnalysis.topology.GMSParser
import time:       161 |        161 |             MDAnalysis.topology.DLPolyParser
import time:       130 |        130 |                   xml
import time:       144 |        273 |                 xml.etree
import time:       443 |        443 |                 xml.etree.ElementPath
import time:       341 |        341 |                   pyexpat
import time:       271 |        611 |                 _elementtree
import time:      1451 |       2777 |               xml.etree.ElementTree
import time:       167 |       2944 |             MDAnalysis.topology.HoomdXMLParser
import time:        71 |         71 |                 duecredit
import time:       154 |        224 |               MDAnalysis.due
import time:       355 |        578 |             MDAnalysis.topology.MMTFParser
import time:        68 |         68 |                 gsd
import time:        22 |         89 |               gsd.hoomd
import time:       243 |        331 |             MDAnalysis.topology.GSDParser
import time:       134 |        134 |             MDAnalysis.topology.MinimalParser
import time:       352 |        352 |             MDAnalysis.topology.ITPParser
import time:       149 |        149 |             MDAnalysis.topology.FHIAIMSParser
import time:       597 |      12200 |           MDAnalysis.topology
import time:        20 |      12219 |         MDAnalysis.topology.LAMMPSParser
import time:       530 |      12749 |       MDAnalysis.coordinates.LAMMPS
import time:       264 |        264 |       MDAnalysis.coordinates.MOL2
import time:       593 |        593 |       MDAnalysis.coordinates.PDB
import time:       202 |        202 |       MDAnalysis.coordinates.PDBQT
import time:       200 |        200 |       MDAnalysis.coordinates.PQR
import time:       173 |        173 |       MDAnalysis.coordinates.TPR
import time:       363 |        363 |       MDAnalysis.coordinates.TRC
import time:       208 |        208 |                   scipy._lib.doccer
import time:       110 |        110 |                   scipy.io.matlab._byteordercodes
import time:       320 |        637 |                 scipy.io.matlab._miobase
import time:       242 |        242 |                   scipy.io.matlab._mio_utils
import time:       331 |        573 |                 scipy.io.matlab._mio4
import time:       230 |        230 |                     scipy.io.matlab._streams
import time:       301 |        301 |                     scipy.io.matlab._mio5_params
import time:       381 |        910 |                   scipy.io.matlab._mio5_utils
import time:       492 |       1402 |                 scipy.io.matlab._mio5
import time:       366 |       2976 |               scipy.io.matlab._mio
import time:       110 |        110 |               scipy.io.matlab.mio
import time:        97 |         97 |               scipy.io.matlab.mio5
import time:       100 |        100 |               scipy.io.matlab.mio5_params
import time:       100 |        100 |               scipy.io.matlab.mio4
import time:        90 |         90 |               scipy.io.matlab.byteordercodes
import time:        91 |         91 |               scipy.io.matlab.miobase
import time:       100 |        100 |               scipy.io.matlab.mio_utils
import time:        99 |         99 |               scipy.io.matlab.streams
import time:        93 |         93 |               scipy.io.matlab.mio5_utils
import time:       314 |       4165 |             scipy.io.matlab
import time:       262 |        262 |               mmap
import time:       359 |        620 |             scipy.io._netcdf
import time:       198 |        198 |             scipy.io._fortran
import time:       246 |        246 |               scipy.io._mmio
import time:       297 |        297 |                 ctypes.util
import time:       733 |       1029 |               threadpoolctl
import time:       281 |       1556 |             scipy.io._fast_matrix_market
import time:       283 |        283 |             scipy.io._idl
import time:       229 |        229 |                 scipy.io._harwell_boeing._fortran_format_parser
import time:       408 |        637 |               scipy.io._harwell_boeing.hb
import time:       145 |        781 |             scipy.io._harwell_boeing
import time:      1054 |       1054 |               scipy.io.arff._arffread
import time:       122 |        122 |               scipy.io.arff.arffread
import time:       159 |       1333 |             scipy.io.arff
import time:       100 |        100 |             scipy.io.harwell_boeing
import time:        98 |         98 |             scipy.io.idl
import time:        95 |         95 |             scipy.io.mmio
import time:        96 |         96 |             scipy.io.netcdf
import time:      2528 |       2528 |             scipy.io.wavfile
import time:       320 |      12167 |           scipy.io
import time:        22 |      12188 |         scipy.io.netcdf
import time:        87 |         87 |         netCDF4
import time:       559 |      12833 |       MDAnalysis.coordinates.TRJ
import time:       146 |        146 |               filelock._error
import time:       236 |        236 |               filelock._util
import time:      1036 |       1417 |             filelock._api
import time:       234 |        234 |                   _queue
import time:       266 |        499 |                 queue
import time:       229 |        728 |               concurrent.futures.thread
import time:       639 |        639 |               filelock._read_write
import time:       435 |       1800 |             filelock._async_read_write
import time:       741 |        741 |             filelock._soft
import time:      4044 |       4044 |                 filelock._soft_rw._sync
import time:       648 |       4692 |               filelock._soft_rw._async
import time:       355 |       5046 |             filelock._soft_rw
import time:       231 |        231 |             filelock._unix
import time:       172 |        172 |             filelock._windows
import time:      1021 |       1021 |             filelock.asyncio
import time:       121 |        121 |             filelock.version
import time:       293 |      10837 |           filelock
import time:       276 |      11113 |         MDAnalysis.coordinates.XDR
import time:       238 |      11351 |       MDAnalysis.coordinates.TRR
import time:        76 |         76 |         h5py
import time:       508 |        584 |       MDAnalysis.coordinates.H5MD
import time:       333 |        333 |       MDAnalysis.coordinates.TRZ
import time:       206 |        206 |       MDAnalysis.coordinates.XTC
import time:       372 |        372 |       MDAnalysis.coordinates.XYZ
import time:       230 |        230 |       MDAnalysis.coordinates.TXYZ
import time:       227 |        227 |       MDAnalysis.coordinates.memory
import time:       208 |        208 |       MDAnalysis.coordinates.MMTF
import time:        72 |         72 |         gsd
import time:       260 |        332 |       MDAnalysis.coordinates.GSD
import time:       136 |        136 |       MDAnalysis.coordinates.null
import time:       181 |        181 |       MDAnalysis.coordinates.NAMDBIN
import time:       223 |        223 |       MDAnalysis.coordinates.FHIAIMS
import time:        69 |         69 |         pytng
import time:       330 |        399 |       MDAnalysis.coordinates.TNG
import time:       873 |      49746 |     MDAnalysis.coordinates
import time:        24 |      49770 |   MDAnalysis.coordinates.core
import time:       259 |        259 |     MDAnalysis.converters.ParmEdParser
import time:       976 |        976 |       MDAnalysis.converters.base
import time:       276 |       1252 |     MDAnalysis.converters.ParmEd
import time:      9000 |       9000 |         rdkit.rdBase
import time:      1850 |      10850 |       rdkit
import time:      5300 |       5300 |           rdkit.DataStructs.cDataStructs
import time:       430 |       5729 |         rdkit.DataStructs
import time:       211 |        211 |           rdkit.RDPaths
import time:       122 |        122 |           pyPgSQL
import time:       469 |        801 |         rdkit.RDConfig
import time:     21967 |      21967 |         rdkit.Chem.rdchem
import time:      2549 |       2549 |           rdkit.Geometry.rdGeometry
import time:       357 |       2906 |         rdkit.Geometry
import time:       195 |        195 |           rdkit.RDLogger
import time:      4451 |       4451 |           rdkit.Chem.rdinchi
import time:       561 |       5206 |         rdkit.Chem.inchi
import time:      2009 |       2009 |         rdkit.Chem.rdCIPLabeler
import time:      8943 |       8943 |         rdkit.Chem.rdmolfiles
import time:      8264 |       8264 |         rdkit.Chem.rdmolops
import time:      2794 |       2794 |         rdkit.Chem.rdMolInterchange
import time:      3536 |       3536 |         rdkit.Chem.rdCoordGen
import time:       860 |      63010 |       rdkit.Chem
import time:      4574 |       4574 |           rdkit.ForceField.rdForceField
import time:       364 |       4938 |         rdkit.ForceField
import time:      2260 |       2260 |           rdkit.Chem.rdChemicalFeatures
import time:      3177 |       3177 |           rdkit.Chem.rdMolChemicalFeatures
import time:       168 |       5603 |         rdkit.Chem.ChemicalFeatures
import time:      7176 |       7176 |           rdkit.Chem.rdDistGeom
import time:       642 |       7818 |         rdkit.Chem.EnumerateStereoisomers
import time:      8610 |       8610 |         rdkit.Chem.rdChemReactions
import time:      3912 |       3912 |         rdkit.Chem.rdDepictor
import time:      3814 |       3814 |         rdkit.Chem.rdFingerprintGenerator
import time:      3424 |       3424 |         rdkit.Chem.rdForceFieldHelpers
import time:      7896 |       7896 |         rdkit.Chem.rdMolAlign
import time:      6883 |       6883 |         rdkit.Chem.rdMolDescriptors
import time:      7048 |       7048 |         rdkit.Chem.rdMolEnumerator
import time:      2492 |       2492 |         rdkit.Chem.rdMolTransforms
import time:      2593 |       2593 |         rdkit.Chem.rdPartialCharges
import time:      2843 |       2843 |         rdkit.Chem.rdqueries
import time:      3015 |       3015 |         rdkit.Chem.rdReducedGraphs
import time:      3230 |       3230 |         rdkit.Chem.rdShapeHelpers
import time:      2474 |       2474 |         rdkit.Chem.rdSLNParse
import time:      1851 |      78437 |       rdkit.Chem.AllChem
import time:      5927 |       5927 |       rdkit.Chem.rdDetermineBonds
import time:      7296 |     165517 |     MDAnalysis.converters.RDKitInferring
import time:       288 |        288 |     MDAnalysis.converters.RDKitParser
import time:       400 |        400 |     MDAnalysis.converters.RDKit
import time:       223 |        223 |     MDAnalysis.converters.OpenMMParser
import time:       207 |        207 |     MDAnalysis.converters.OpenMM
import time:       297 |     168439 |   MDAnalysis.converters
import time:       513 |     746615 | MDAnalysis
