import time: self [us] | cumulative | imported package
import time:       457 |        457 |   _io
import time:        82 |         82 |   marshal
import time:       806 |        806 |   posix
import time:       851 |       2195 | _frozen_importlib_external
import time:       239 |        239 |   time
import time:       270 |        508 | zipimport
import time:       113 |        113 |     _codecs
import time:       743 |        856 |   codecs
import time:      1119 |       1119 |   encodings.aliases
import time:      1821 |       3795 | encodings
import time:       678 |        678 | encodings.utf_8
import time:       213 |        213 | _signal
import time:        63 |         63 |     _abc
import time:       271 |        333 |   abc
import time:       375 |        708 | io
import time:       103 |        103 |       _stat
import time:       146 |        249 |     stat
import time:      1487 |       1487 |     _collections_abc
import time:        80 |         80 |       genericpath
import time:       152 |        231 |     posixpath
import time:       743 |       2709 |   os
import time:       132 |        132 |   _sitebuiltins
import time:      1076 |       1076 |   _distutils_hack
import time:       487 |        487 |   types
import time:       959 |        959 |       warnings
import time:       624 |       1582 |     importlib
import time:       404 |        404 |     importlib._abc
import time:       157 |        157 |         itertools
import time:       263 |        263 |         keyword
import time:       370 |        370 |           _operator
import time:       860 |       1230 |         operator
import time:       413 |        413 |         reprlib
import time:       207 |        207 |         _collections
import time:      1625 |       3894 |       collections
import time:        92 |         92 |         _functools
import time:      1288 |       1379 |       functools
import time:       996 |       6268 |     contextlib
import time:       270 |        270 |       _weakrefset
import time:       813 |       1083 |     threading
import time:       269 |       9604 |   importlib.util
import time:        79 |         79 |   importlib.machinery
import time:       915 |        915 |   sitecustomize
import time:        85 |         85 |   usercustomize
import time:      1817 |      16898 | site
import time:      1449 |       1449 |       enum
import time:        77 |         77 |         _sre
import time:       352 |        352 |           re._constants
import time:       350 |        702 |         re._parser
import time:       133 |        133 |         re._casefix
import time:       333 |       1244 |       re._compiler
import time:       174 |        174 |       copyreg
import time:       519 |       3385 |     re
import time:       164 |        164 |       collections.abc
import time:       205 |        205 |           token
import time:      1106 |       1311 |         tokenize
import time:       194 |       1505 |       linecache
import time:      1208 |       1208 |       textwrap
import time:       662 |       3538 |     traceback
import time:       595 |        595 |     weakref
import time:        47 |         47 |       _string
import time:       616 |        662 |     string
import time:        80 |         80 |     atexit
import time:      2159 |      10415 |   logging
import time:       194 |        194 |     _typing
import time:      2719 |       2913 |   typing
import time:       226 |        226 |   MDAnalysis.version
import time:       134 |        134 |   MDAnalysis.authors
import time:       235 |        235 |   MDAnalysis.exceptions
import time:       211 |        211 |           tqdm._monitor
import time:       132 |        132 |           tqdm._tqdm_pandas
import time:      1010 |       1010 |               _ast
import time:      1069 |       2078 |             ast
import time:       279 |        279 |                 math
import time:       409 |        409 |                 _datetime
import time:      1059 |       1746 |               datetime
import time:       408 |        408 |               numbers
import time:       223 |        223 |                       _opcode
import time:       478 |        701 |                     opcode
import time:       894 |       1594 |                   dis
import time:      2936 |       4530 |                 inspect
import time:       235 |        235 |                 unicodedata
import time:        83 |         83 |                 envwrap
import time:       455 |       5302 |               tqdm.utils
import time:       960 |       8415 |             tqdm.std
import time:       222 |        222 |                   _csv
import time:       580 |        801 |                 csv
import time:       285 |        285 |                 email
import time:       254 |        254 |                   fnmatch
import time:       113 |        113 |                     _winapi
import time:        91 |         91 |                     nt
import time:        93 |         93 |                     nt
import time:        94 |         94 |                     nt
import time:        87 |         87 |                     nt
import time:       112 |        112 |                     nt
import time:       161 |        748 |                   ntpath
import time:       125 |        125 |                   errno
import time:       291 |        291 |                     urllib
import time:      1444 |       1444 |                     ipaddress
import time:      1308 |       3042 |                   urllib.parse
import time:      1166 |       5332 |                 pathlib
import time:       293 |        293 |                   binascii
import time:       250 |        250 |                     zlib
import time:       334 |        334 |                       _compression
import time:       278 |        278 |                       _bz2
import time:       514 |       1124 |                     bz2
import time:       275 |        275 |                       _lzma
import time:       296 |        570 |                     lzma
import time:       657 |       2601 |                   shutil
import time:       220 |        220 |                     _struct
import time:       202 |        422 |                   struct
import time:      1086 |       4400 |                 zipfile
import time:       182 |        182 |                     quopri
import time:       167 |        167 |                           _bisect
import time:       157 |        324 |                         bisect
import time:       182 |        182 |                         _random
import time:       245 |        245 |                         _sha512
import time:       405 |       1154 |                       random
import time:       343 |        343 |                         _socket
import time:       175 |        175 |                           select
import time:       559 |        734 |                         selectors
import time:       440 |        440 |                         array
import time:      1614 |       3129 |                       socket
import time:       173 |        173 |                             _locale
import time:       881 |       1053 |                           locale
import time:       554 |       1607 |                         calendar
import time:       368 |       1974 |                       email._parseaddr
import time:       272 |        272 |                           base64
import time:       147 |        418 |                         email.base64mime
import time:       237 |        237 |                         email.quoprimime
import time:       411 |        411 |                         email.errors
import time:       139 |        139 |                         email.encoders
import time:       355 |       1559 |                       email.charset
import time:       595 |       8409 |                     email.utils
import time:       589 |        589 |                       email.header
import time:       312 |        901 |                     email._policybase
import time:       399 |        399 |                     email._encoded_words
import time:       197 |        197 |                     email.iterators
import time:       626 |      10711 |                   email.message
import time:       117 |        117 |                     importlib.metadata._functools
import time:       164 |        281 |                   importlib.metadata._text
import time:       324 |      11315 |                 importlib.metadata._adapters
import time:       389 |        389 |                 importlib.metadata._meta
import time:      1551 |       1551 |                 importlib.metadata._collections
import time:       161 |        161 |                 importlib.metadata._itertools
import time:       558 |        558 |                         tempfile
import time:       382 |        382 |                         importlib.resources.abc
import time:       394 |        394 |                         importlib.resources._adapters
import time:       403 |       1735 |                       importlib.resources._common
import time:       217 |        217 |                       importlib.resources._legacy
import time:       219 |       2170 |                     importlib.resources
import time:        26 |       2195 |                   importlib.resources.abc
import time:       419 |       2614 |                 importlib.abc
import time:      1432 |      28276 |               importlib.metadata
import time:       606 |        606 |                 email.feedparser
import time:       332 |        937 |               email.parser
import time:      3518 |      32730 |             tqdm.version
import time:       531 |      43753 |           tqdm.cli
import time:       862 |        862 |           tqdm.gui
import time:       350 |      45306 |         tqdm
import time:       138 |        138 |         tqdm.autonotebook
import time:       178 |        178 |                 concurrent
import time:       815 |        815 |                 concurrent.futures._base
import time:       246 |       1238 |               concurrent.futures
import time:       186 |        186 |                 _heapq
import time:       269 |        454 |               heapq
import time:       677 |        677 |                 signal
import time:       369 |        369 |                 fcntl
import time:        97 |         97 |                 msvcrt
import time:       193 |        193 |                 _posixsubprocess
import time:       670 |       2004 |               subprocess
import time:      1960 |       1960 |                 _ssl
import time:      3382 |       5341 |               ssl
import time:       354 |        354 |               asyncio.constants
import time:       176 |        176 |               asyncio.coroutines
import time:       200 |        200 |                   _contextvars
import time:       173 |        372 |                 contextvars
import time:       152 |        152 |                 asyncio.format_helpers
import time:       267 |        267 |                   asyncio.base_futures
import time:       333 |        333 |                   asyncio.exceptions
import time:       210 |        210 |                   asyncio.base_tasks
import time:       654 |       1463 |                 _asyncio
import time:       617 |       2602 |               asyncio.events
import time:       326 |        326 |               asyncio.futures
import time:       215 |        215 |               asyncio.protocols
import time:       358 |        358 |                 asyncio.transports
import time:       136 |        136 |                 asyncio.log
import time:       831 |       1324 |               asyncio.sslproto
import time:       128 |        128 |                   asyncio.mixins
import time:       420 |        420 |                   asyncio.tasks
import time:       727 |       1273 |                 asyncio.locks
import time:       461 |       1733 |               asyncio.staggered
import time:       268 |        268 |               asyncio.trsock
import time:       951 |      16980 |             asyncio.base_events
import time:       363 |        363 |             asyncio.runners
import time:      1765 |       1765 |             asyncio.queues
import time:       649 |        649 |             asyncio.streams
import time:       329 |        329 |             asyncio.subprocess
import time:       183 |        183 |             asyncio.taskgroups
import time:       633 |        633 |             asyncio.timeouts
import time:       169 |        169 |             asyncio.threads
import time:       274 |        274 |               asyncio.base_subprocess
import time:       528 |        528 |               asyncio.selector_events
import time:       868 |       1668 |             asyncio.unix_events
import time:       406 |      23141 |           asyncio
import time:       181 |      23321 |         tqdm.asyncio
import time:       210 |      68973 |       tqdm.auto
import time:       261 |      69234 |     MDAnalysis.lib.log
import time:       190 |        190 |         numpy.version
import time:       186 |        186 |         numpy._expired_attrs_2_0
import time:       157 |        157 |             numpy._utils._convertions
import time:       164 |        320 |           numpy._utils
import time:       361 |        681 |         numpy._globals
import time:        41 |         41 |           numpy._distributor_init_local
import time:       137 |        177 |         numpy._distributor_init
import time:       667 |        667 |                   numpy.exceptions
import time:       388 |        388 |                   numpy._core._exceptions
import time:       159 |        159 |                   numpy._core.printoptions
import time:       288 |        288 |                   numpy.dtypes
import time:      9199 |      10700 |                 numpy._core._multiarray_umath
import time:       218 |        218 |                   numpy._utils._inspect
import time:       516 |        733 |                 numpy._core.overrides
import time:      2620 |      14052 |               numpy._core.multiarray
import time:       301 |        301 |               numpy._core.umath
import time:       918 |        918 |                 numpy._core._dtype
import time:       210 |        210 |                 numpy._core._string_helpers
import time:       444 |        444 |                 numpy._core._type_aliases
import time:       624 |       2194 |               numpy._core.numerictypes
import time:       363 |        363 |                           _compat_pickle
import time:       468 |        468 |                           _pickle
import time:        99 |         99 |                               org
import time:        69 |        167 |                             org.python
import time:        70 |        237 |                           org.python.core
import time:      1269 |       2336 |                         pickle
import time:       428 |       2764 |                       numpy._core._methods
import time:      1080 |       3843 |                     numpy._core.fromnumeric
import time:       397 |       4240 |                   numpy._core.shape_base
import time:       251 |        251 |                   numpy._core._ufunc_config
import time:       179 |        179 |                   numpy._core._asarray
import time:       697 |        697 |                   numpy._core.arrayprint
import time:      1053 |       6418 |                 numpy._core.numeric
import time:       464 |       6881 |               numpy._core.einsumfunc
import time:       291 |        291 |               numpy._core.function_base
import time:       298 |        298 |               numpy._core.getlimits
import time:       216 |        216 |               numpy._core.memmap
import time:       626 |        626 |               numpy._core.records
import time:      9859 |       9859 |               numpy._core._add_newdocs
import time:      1202 |       1202 |               numpy._core._add_newdocs_scalars
import time:       193 |        193 |               numpy._core._dtype_ctypes
import time:       636 |        636 |                   _ctypes
import time:       393 |        393 |                   ctypes._endian
import time:      1322 |       2350 |                 ctypes
import time:       956 |       3306 |               numpy._core._internal
import time:       212 |        212 |               numpy._pytesttester
import time:      1222 |      40847 |             numpy._core
import time:        70 |      40916 |           numpy._core._multiarray_umath
import time:       468 |      41383 |         numpy.__config__
import time:       297 |        297 |                           numpy._typing._nbit_base
import time:       260 |        260 |                           numpy._typing._nested_sequence
import time:       135 |        135 |                           numpy._typing._shape
import time:      3125 |       3816 |                         numpy._typing._array_like
import time:      2402 |       2402 |                         numpy._typing._char_codes
import time:      3116 |       3116 |                         numpy._typing._dtype_like
import time:       161 |        161 |                         numpy._typing._nbit
import time:       151 |        151 |                         numpy._typing._scalars
import time:       126 |        126 |                         numpy._typing._ufunc
import time:       680 |      10448 |                       numpy._typing
import time:       292 |        292 |                         numpy.lib._stride_tricks_impl
import time:       506 |        798 |                       numpy.lib._twodim_base_impl
import time:       133 |        133 |                         numpy.lib._array_utils_impl
import time:       202 |        334 |                       numpy.lib.array_utils
import time:       397 |        397 |                       numpy.linalg._umath_linalg
import time:      2286 |      14262 |                     numpy.linalg._linalg
import time:       338 |      14600 |                   numpy.linalg
import time:       686 |      15285 |                 numpy.matrixlib.defmatrix
import time:       478 |      15763 |               numpy.matrixlib
import time:       346 |        346 |                 numpy.lib._histograms_impl
import time:      1580 |       1926 |               numpy.lib._function_base_impl
import time:       674 |      18362 |             numpy.lib._index_tricks_impl
import time:       469 |      18830 |           numpy.lib._arraypad_impl
import time:       976 |        976 |           numpy.lib._arraysetops_impl
import time:       218 |        218 |           numpy.lib._arrayterator_impl
import time:      1568 |       1568 |           numpy.lib._nanfunctions_impl
import time:      2499 |       2499 |                   platform
import time:       407 |       2905 |                 numpy.lib._utils_impl
import time:       350 |       3255 |               numpy.lib._format_impl
import time:       219 |       3474 |             numpy.lib.format
import time:       339 |        339 |             numpy.lib._datasource
import time:       446 |        446 |             numpy.lib._iotools
import time:      1016 |       5274 |           numpy.lib._npyio_impl
import time:       246 |        246 |               numpy.lib._ufunclike_impl
import time:       359 |        604 |             numpy.lib._type_check_impl
import time:       782 |       1385 |           numpy.lib._polynomial_impl
import time:       462 |        462 |           numpy.lib._shape_base_impl
import time:       175 |        175 |           numpy.lib._version
import time:       137 |        137 |           numpy.lib.introspect
import time:       228 |        228 |           numpy.lib.mixins
import time:       118 |        118 |           numpy.lib.npyio
import time:       304 |        304 |             numpy.lib._scimath_impl
import time:       122 |        425 |           numpy.lib.scimath
import time:       131 |        131 |           numpy.lib.stride_tricks
import time:       770 |      30692 |         numpy.lib
import time:       187 |        187 |         numpy._array_api_info
import time:      1582 |      75075 |       numpy
import time:       451 |        451 |         gzip
import time:       136 |        136 |                 mmtf.utils
import time:       236 |        372 |               mmtf.utils.constants
import time:        96 |         96 |               urllib2
import time:      2059 |       2059 |                   _hashlib
import time:       243 |        243 |                   _blake2
import time:       575 |       2875 |                 hashlib
import time:       986 |        986 |                   http
import time:      1240 |       2225 |                 http.client
import time:       244 |        244 |                   urllib.response
import time:       295 |        538 |                 urllib.error
import time:      2064 |       7701 |               urllib.request
import time:       288 |        288 |                 msgpack.exceptions
import time:       350 |        350 |                 msgpack.ext
import time:       432 |        432 |                 msgpack._cmsgpack
import time:       443 |       1512 |               msgpack
import time:       130 |        130 |                     mmtf.utils.codec_utils
import time:       197 |        197 |                           __future__
import time:       258 |        454 |                         mmtf.converters.numpy_converters
import time:       182 |        182 |                         mmtf.converters.converters
import time:       250 |        886 |                       mmtf.converters
import time:       170 |        170 |                         mmtf.codecs.decoders.numpy_decoders
import time:       207 |        377 |                       mmtf.codecs.decoders
import time:       159 |        159 |                         mmtf.codecs.encoders.encoders
import time:       201 |        360 |                       mmtf.codecs.encoders
import time:       540 |       2161 |                     mmtf.codecs.codecs
import time:       327 |       2617 |                   mmtf.codecs.default_codec
import time:       201 |       2817 |                 mmtf.codecs
import time:       207 |        207 |                 mmtf.utils.decoder_utils
import time:       261 |       3284 |               mmtf.api.mmtf_reader
import time:       303 |        303 |               mmtf.api.mmtf_writer
import time:       470 |      13735 |             mmtf.api.default_api
import time:       193 |      13927 |           mmtf.api
import time:       207 |      14134 |         mmtf
import time:       299 |        299 |               unittest.util
import time:       532 |        831 |             unittest.result
import time:       854 |        854 |               difflib
import time:       101 |        101 |                         org
import time:       102 |        203 |                       org.python
import time:        72 |        274 |                     org.python.core
import time:       442 |        716 |                   copy
import time:       784 |       1499 |                 dataclasses
import time:       464 |       1962 |               pprint
import time:       975 |       3791 |             unittest.case
import time:       346 |        346 |             unittest.suite
import time:       804 |        804 |             unittest.loader
import time:      1024 |       1024 |                 gettext
import time:      1139 |       2162 |               argparse
import time:       164 |        164 |                 unittest.signals
import time:       344 |        507 |               unittest.runner
import time:       486 |       3155 |             unittest.main
import time:       371 |       9294 |           unittest
import time:       208 |        208 |           numpy.testing._private
import time:       151 |        151 |           numpy.testing.overrides
import time:       484 |        484 |             sysconfig
import time:       312 |        796 |           numpy.testing._private.extbuild
import time:        68 |         68 |             gc
import time:       256 |        256 |                   _json
import time:       458 |        714 |                 json.scanner
import time:       521 |       1234 |               json.decoder
import time:       509 |        509 |               json.encoder
import time:       362 |       2105 |             json
import time:       689 |        689 |             _sysconfigdata__linux_x86_64-linux-gnu
import time:      2811 |       5672 |           numpy.testing._private.utils
import time:       487 |      16605 |         numpy.testing
import time:       339 |        339 |         MDAnalysis.lib.picklable_file_io
import time:       468 |        468 |         MDAnalysis.lib._cutil
import time:      2723 |      34718 |       MDAnalysis.lib.util
import time:       608 |        608 |           numpy._typing._add_docstring
import time:       266 |        873 |         numpy.typing
import time:       339 |       1211 |       MDAnalysis.lib.mdamath
import time:       313 |        313 |       _transformations
import time:       952 |     112267 |     MDAnalysis.lib.transformations
import time:       520 |        520 |       MDAnalysis.lib._augment
import time:       452 |        452 |       MDAnalysis.lib.nsgrid
import time:       391 |        391 |       MDAnalysis.lib.c_distances
import time:       191 |        191 |           packaging
import time:       178 |        178 |           packaging._structures
import time:      3515 |       3883 |         packaging.version
import time:        97 |         97 |         distopia
import time:       338 |       4316 |       MDAnalysis.lib._distopia
import time:      1317 |       6994 |     MDAnalysis.lib.distances
import time:       177 |        177 |             MDAnalysis.core.accessors
import time:       373 |        373 |               MDAnalysis.selections.base
import time:       162 |        162 |               MDAnalysis.selections.vmd
import time:       166 |        166 |               MDAnalysis.selections.pymol
import time:       155 |        155 |               MDAnalysis.selections.gromacs
import time:       155 |        155 |               MDAnalysis.selections.charmm
import time:       151 |        151 |               MDAnalysis.selections.jmol
import time:       576 |       1734 |             MDAnalysis.selections
import time:      1239 |       1239 |             MDAnalysis.core.selection
import time:       452 |        452 |             MDAnalysis.core.topologyobjects
import time:       174 |        174 |             MDAnalysis.core._get_readers
import time:      1678 |       5451 |           MDAnalysis.core.groups
import time:       207 |       5657 |         MDAnalysis.core
import time:        67 |       5724 |       MDAnalysis.core.groups
import time:       389 |       6113 |     MDAnalysis.lib.NeighborSearch
import time:       348 |        348 |         MDAnalysis.lib.formats.cython_util
import time:       850 |       1198 |       MDAnalysis.lib.formats.libmdaxdr
import time:       521 |        521 |       MDAnalysis.lib.formats.libdcd
import time:       298 |       2015 |     MDAnalysis.lib.formats
import time:       585 |        585 |           scipy.__config__
import time:       131 |        131 |           scipy.version
import time:        38 |         38 |             scipy._distributor_init_local
import time:       190 |        227 |           scipy._distributor_init
import time:        94 |         94 |               cython
import time:       457 |        550 |             scipy._lib._testutils
import time:       197 |        747 |           scipy._lib
import time:      2130 |       2130 |           scipy._lib._pep440
import time:       339 |        339 |               scipy._cyutility
import time:       496 |        834 |             scipy._lib._ccallback_c
import time:       246 |       1079 |           scipy._lib._ccallback
import time:       616 |       5512 |         scipy
import time:       793 |        793 |                             scipy._lib.array_api_compat.common._typing
import time:       411 |       1204 |                           scipy._lib.array_api_compat.common._helpers
import time:       154 |       1357 |                         scipy._lib.array_api_compat.common
import time:       122 |       1479 |                       scipy._lib.array_api_compat
import time:       125 |        125 |                         scipy._lib.array_api_compat._internal
import time:       113 |        113 |                         numpy.rec
import time:      1115 |       1115 |                           numpy._core.strings
import time:       120 |       1235 |                         numpy.strings
import time:       191 |        191 |                           numpy.f2py.diagnose
import time:       116 |        116 |                             numpy.f2py._backends
import time:       152 |        152 |                             numpy.f2py.__version__
import time:       240 |        240 |                               numpy.f2py.cfuncs
import time:       816 |       1056 |                             numpy.f2py.auxfuncs
import time:      1456 |       1456 |                               numpy.f2py.cb_rules
import time:       224 |        224 |                               numpy.f2py._isocbind
import time:       288 |        288 |                                 fileinput
import time:       304 |        304 |                                       81d243bd2c585b0f4821__mypyc
import time:      1115 |       1115 |                                       charset_normalizer.constant
import time:       186 |        186 |                                         _multibytecodec
import time:       450 |        636 |                                       charset_normalizer.utils
import time:       339 |        339 |                                       charset_normalizer.models
import time:       456 |       2847 |                                     charset_normalizer.cd
import time:       153 |        153 |                                     _codecs_tw
import time:       151 |        151 |                                     _codecs_hk
import time:       225 |        225 |                                     _codecs_jp
import time:       152 |        152 |                                     _codecs_kr
import time:       152 |        152 |                                     _codecs_cn
import time:       140 |        140 |                                     _codecs_iso2022
import time:     17072 |      20890 |                                   charset_normalizer.api
import time:       142 |        142 |                                   charset_normalizer.legacy
import time:        95 |         95 |                                   charset_normalizer.version
import time:       227 |      21352 |                                 charset_normalizer
import time:      1233 |       1233 |                                 numpy.f2py.symbolic
import time:     11384 |      34255 |                               numpy.f2py.crackfortran
import time:       587 |      36522 |                             numpy.f2py.capi_maps
import time:       199 |        199 |                               numpy.f2py.func2subr
import time:       265 |        464 |                             numpy.f2py.f90mod_rules
import time:       155 |        155 |                               numpy.f2py.common_rules
import time:       129 |        129 |                               numpy.f2py.use_rules
import time:      4151 |       4434 |                             numpy.f2py.rules
import time:       425 |      43166 |                           numpy.f2py.f2py2e
import time:       191 |      43547 |                         numpy.f2py
import time:       398 |        398 |                           numpy.ctypeslib._ctypeslib
import time:       139 |        537 |                         numpy.ctypeslib
import time:       144 |        144 |                           numpy.core._utils
import time:       138 |        281 |                         numpy.core
import time:       487 |        487 |                               numpy.random._common
import time:       251 |        251 |                                 hmac
import time:       418 |        669 |                               secrets
import time:       519 |       1674 |                             numpy.random.bit_generator
import time:       299 |       1972 |                           numpy.random._bounded_integers
import time:       284 |        284 |                               numpy.random._pcg64
import time:      1466 |       1750 |                             numpy.random._generator
import time:       247 |        247 |                             numpy.random._mt19937
import time:       261 |        261 |                             numpy.random._philox
import time:       219 |        219 |                             numpy.random._sfc64
import time:      1346 |       1346 |                             numpy.random.mtrand
import time:       211 |       4030 |                           numpy.random._pickle
import time:       188 |       6190 |                         numpy.random
import time:       449 |        449 |                           numpy._core.defchararray
import time:       160 |        608 |                         numpy.char
import time:       183 |        183 |                             numpy.polynomial.polyutils
import time:       338 |        338 |                             numpy.polynomial._polybase
import time:       420 |        939 |                           numpy.polynomial.chebyshev
import time:       249 |        249 |                           numpy.polynomial.hermite
import time:       223 |        223 |                           numpy.polynomial.hermite_e
import time:       244 |        244 |                           numpy.polynomial.laguerre
import time:       244 |        244 |                           numpy.polynomial.legendre
import time:       368 |        368 |                           numpy.polynomial.polynomial
import time:       214 |       2478 |                         numpy.polynomial
import time:      8364 |       8364 |                           numpy.ma.core
import time:      1160 |       1160 |                           numpy.ma.extras
import time:       265 |       9789 |                         numpy.ma
import time:       508 |        508 |                           numpy.fft._helper
import time:       422 |        422 |                             numpy.fft._pocketfft_umath
import time:       618 |       1039 |                           numpy.fft._pocketfft
import time:       261 |       1808 |                         numpy.fft
import time:       682 |        682 |                           scipy._lib.array_api_compat.common._aliases
import time:       155 |        155 |                           scipy._lib.array_api_compat.numpy._typing
import time:      1420 |       2256 |                         scipy._lib.array_api_compat.numpy._aliases
import time:       172 |        172 |                         scipy._lib.array_api_compat.numpy._info
import time:       680 |        680 |                           scipy._lib.array_api_compat.common._linalg
import time:       541 |       1220 |                         scipy._lib.array_api_compat.numpy.linalg
import time:       164 |        164 |                           scipy._lib.array_api_compat.common._fft
import time:      1247 |       1411 |                         scipy._lib.array_api_compat.numpy.fft
import time:      1039 |      72800 |                       scipy._lib.array_api_compat.numpy
import time:       102 |        102 |                             scipy._lib.array_api_extra._lib
import time:       123 |        123 |                                 scipy._lib.array_api_extra._lib._utils
import time:       113 |        113 |                                       scipy._lib._sparse
import time:       342 |        454 |                                     scipy._lib._array_api_override
import time:       150 |        603 |                                   scipy._lib._array_api_compat_vendor
import time:       242 |        844 |                                 scipy._lib.array_api_extra._lib._utils._compat
import time:       198 |        198 |                                   scipy._lib.array_api_extra._lib._utils._typing
import time:       364 |        561 |                                 scipy._lib.array_api_extra._lib._utils._helpers
import time:       424 |       1951 |                               scipy._lib.array_api_extra._lib._at
import time:       320 |       2271 |                             scipy._lib.array_api_extra._lib._funcs
import time:       416 |       2788 |                           scipy._lib.array_api_extra._delegation
import time:       189 |        189 |                           scipy._lib.array_api_extra._lib._lazy
import time:       180 |       3156 |                         scipy._lib.array_api_extra
import time:       292 |       3447 |                       scipy._lib.array_api_extra.testing
import time:       510 |        510 |                           pkgutil
import time:      1253 |       1762 |                         pydoc
import time:      1201 |       2962 |                       scipy._lib._docscrape
import time:       843 |      81530 |                     scipy._lib._array_api
import time:       922 |      82451 |                   scipy._lib._util
import time:      1166 |      83617 |                 scipy.sparse._sputils
import time:       230 |        230 |                 scipy.sparse._matrix
import time:       548 |      84393 |               scipy.sparse._base
import time:       232 |        232 |                 scipy.sparse._sparsetools
import time:       375 |        375 |                   scipy.sparse._data
import time:       194 |        194 |                   scipy.sparse._index
import time:       440 |       1007 |                 scipy.sparse._compressed
import time:       311 |       1549 |               scipy.sparse._csr
import time:       246 |        246 |               scipy.sparse._csc
import time:       706 |        706 |                 scipy.sparse._csparsetools
import time:       335 |       1041 |               scipy.sparse._lil
import time:       446 |        446 |               scipy.sparse._dok
import time:       531 |        531 |               scipy.sparse._coo
import time:       277 |        277 |               scipy.sparse._dia
import time:       375 |        375 |               scipy.sparse._bsr
import time:       178 |        178 |                 scipy._lib.deprecation
import time:      1990 |       2167 |               scipy.sparse._construct
import time:       130 |        130 |               scipy.sparse._extract
import time:       119 |        119 |               scipy.sparse._matrix_io
import time:        97 |         97 |               scipy.sparse.base
import time:        97 |         97 |               scipy.sparse.bsr
import time:       100 |        100 |               scipy.sparse.compressed
import time:        97 |         97 |               scipy.sparse.construct
import time:        92 |         92 |               scipy.sparse.coo
import time:        94 |         94 |               scipy.sparse.csc
import time:        84 |         84 |               scipy.sparse.csr
import time:        87 |         87 |               scipy.sparse.data
import time:        84 |         84 |               scipy.sparse.dia
import time:        87 |         87 |               scipy.sparse.dok
import time:        91 |         91 |               scipy.sparse.extract
import time:        90 |         90 |               scipy.sparse.lil
import time:        86 |         86 |               scipy.sparse.sparsetools
import time:        88 |         88 |               scipy.sparse.sputils
import time:       597 |      93134 |             scipy.sparse
import time:       504 |      93637 |           scipy.spatial._ckdtree
import time:       403 |      94040 |         scipy.spatial._kdtree
import time:       272 |        272 |           scipy._lib.messagestream
import time:      2800 |       2800 |                   scipy.linalg._fblas
import time:        56 |         56 |                   scipy.linalg._cblas
import time:       288 |       3144 |                 scipy.linalg.blas
import time:      1497 |       1497 |                   scipy.linalg._flapack
import time:        45 |         45 |                   scipy.linalg._clapack
import time:      1337 |       2877 |                 scipy.linalg.lapack
import time:       298 |       6318 |               scipy.linalg._misc
import time:      1990 |       1990 |                 scipy.linalg.cython_lapack
import time:      1938 |       3928 |               scipy.linalg._cythonized_array_utils
import time:      7466 |       7466 |                 scipy.linalg._decomp
import time:      2913 |       2913 |                 scipy.linalg._decomp_svd
import time:       394 |        394 |                 scipy.linalg._solve_toeplitz
import time:       280 |        280 |                 scipy.linalg._batched_linalg
import time:      5590 |      16640 |               scipy.linalg._basic
import time:       279 |        279 |                 scipy.linalg._decomp_lu_cython
import time:       951 |       1229 |               scipy.linalg._decomp_lu
import time:       959 |        959 |               scipy.linalg._decomp_ldl
import time:      1728 |       1728 |               scipy.linalg._decomp_cholesky
import time:      2044 |       2044 |               scipy.linalg._decomp_qr
import time:      2053 |       2053 |               scipy.linalg._decomp_qz
import time:      1627 |       1627 |               scipy.linalg._decomp_schur
import time:       663 |        663 |               scipy.linalg._decomp_polar
import time:      1130 |       1130 |                 scipy.linalg._expm_frechet
import time:       766 |        766 |                 scipy.linalg._matfuncs_schur_sqrtm
import time:       716 |        716 |                 scipy.linalg._matfuncs_expm
import time:       217 |        217 |                 scipy.linalg._linalg_pythran
import time:      3602 |       6429 |               scipy.linalg._matfuncs
import time:      1811 |       1811 |               scipy.linalg._special_matrices
import time:      1532 |       1532 |               scipy.linalg._solvers
import time:      1306 |       1306 |               scipy.linalg._procrustes
import time:       538 |        538 |                 scipy.linalg.cython_blas
import time:      2896 |       3433 |               scipy.linalg._decomp_update
import time:       969 |        969 |               scipy.linalg._sketches
import time:       280 |        280 |               scipy.linalg._decomp_cossin
import time:       133 |        133 |               scipy.linalg.decomp
import time:       126 |        126 |               scipy.linalg.decomp_cholesky
import time:       127 |        127 |               scipy.linalg.decomp_lu
import time:       116 |        116 |               scipy.linalg.decomp_qr
import time:       117 |        117 |               scipy.linalg.decomp_svd
import time:       118 |        118 |               scipy.linalg.decomp_schur
import time:       119 |        119 |               scipy.linalg.basic
import time:       117 |        117 |               scipy.linalg.misc
import time:      1008 |       1008 |               scipy.linalg.special_matrices
import time:       138 |        138 |               scipy.linalg.matfuncs
import time:      1973 |      57029 |             scipy.linalg
import time:        66 |      57094 |           scipy.linalg.cython_lapack
import time:       848 |      58213 |         scipy.spatial._qhull
import time:       321 |        321 |           scipy.spatial._voronoi
import time:       377 |        698 |         scipy.spatial._spherical_voronoi
import time:       181 |        181 |         scipy.spatial._plotutils
import time:       133 |        133 |         scipy.spatial._procrustes
import time:       260 |        260 |               scipy.special._sf_error
import time:       355 |        355 |                 scipy.special._ufuncs_cxx
import time:       285 |        285 |                 scipy.special._ellip_harm_2
import time:     12978 |      12978 |                 scipy.special._special_ufuncs
import time:       379 |        379 |                 scipy.special._gufuncs
import time:      1500 |      15495 |               scipy.special._ufuncs
import time:       142 |        142 |                 scipy.special._input_validation
import time:       539 |        539 |                 scipy.special._specfun
import time:       227 |        227 |                 scipy.special._comb
import time:       859 |       1766 |               scipy.special._basic
import time:       147 |        147 |                 scipy.special._spfun_stats
import time:     47731 |      47878 |               scipy.special._support_alternative_backends
import time:      2026 |       2026 |               scipy.special._logsumexp
import time:       505 |        505 |               scipy.special._multiufuncs
import time:       494 |        494 |               scipy.special._orthogonal
import time:       165 |        165 |               scipy.special._ellip_harm
import time:       122 |        122 |               scipy.special._lambertw
import time:       183 |        183 |               scipy.special._spherical_bessel
import time:       124 |        124 |               scipy.special.add_newdocs
import time:       149 |        149 |               scipy.special.basic
import time:       132 |        132 |               scipy.special.orthogonal
import time:       113 |        113 |               scipy.special.specfun
import time:       111 |        111 |               scipy.special.sf_error
import time:       118 |        118 |               scipy.special.spfun_stats
import time:      1325 |      70957 |             scipy.special
import time:       269 |        269 |             scipy.spatial._hausdorff
import time:       387 |        387 |             scipy.spatial._distance_pybind
import time:       172 |        172 |             scipy.spatial._distance_wrap
import time:      2579 |      74361 |           scipy.spatial.distance
import time:       168 |      74529 |         scipy.spatial._geometric_slerp
import time:       116 |        116 |         scipy.spatial.ckdtree
import time:       106 |        106 |         scipy.spatial.kdtree
import time:       109 |        109 |         scipy.spatial.qhull
import time:       522 |        522 |             scipy.spatial.transform._rotation_cy
import time:       469 |        469 |             scipy.spatial.transform._rotation_xp
import time:      5053 |       5053 |                 scipy.constants._codata
import time:       968 |        968 |                 scipy.constants._constants
import time:       117 |        117 |                 scipy.constants.codata
import time:       150 |        150 |                 scipy.constants.constants
import time:       828 |       7113 |               scipy.constants
import time:       168 |       7280 |             scipy.spatial.transform._rotation_groups
import time:      9817 |      18088 |           scipy.spatial.transform._rotation
import time:       354 |        354 |             scipy.spatial.transform._rigid_transform_cy
import time:       226 |        226 |             scipy.spatial.transform._rigid_transform_xp
import time:      6317 |       6896 |           scipy.spatial.transform._rigid_transform
import time:       265 |        265 |           scipy.spatial.transform._rotation_spline
import time:       127 |        127 |           scipy.spatial.transform.rotation
import time:       228 |      25601 |         scipy.spatial.transform
import time:       597 |     259829 |       scipy.spatial
import time:       261 |     260089 |     MDAnalysis.lib.pkdtree
import time:       652 |     457360 |   MDAnalysis.lib
import time:       230 |        230 |   MDAnalysis.units
import time:       324 |        324 |       _uuid
import time:       758 |       1082 |     uuid
import time:        93 |         93 |           Bio
import time:        41 |        134 |         Bio.Seq
import time:      6538 |       6671 |       MDAnalysis.core.topologyattrs
import time:       342 |       7013 |     MDAnalysis.core.topology
import time:       241 |        241 |         MDAnalysis.guesser.base
import time:       318 |        318 |           MDAnalysis.guesser.tables
import time:       284 |        602 |         MDAnalysis.guesser.default_guesser
import time:       205 |       1047 |       MDAnalysis.guesser
import time:        26 |       1072 |     MDAnalysis.guesser.base
import time:       685 |       9850 |   MDAnalysis.core.universe
import time:       120 |        120 |           MDAnalysis.coordinates.core
import time:       341 |        461 |         MDAnalysis.coordinates.timestep
import time:       112 |        112 |               MDAnalysis.auxiliary.core
import time:       561 |        672 |             MDAnalysis.auxiliary.base
import time:       214 |        214 |             MDAnalysis.auxiliary.XVG
import time:        74 |         74 |               pyedr
import time:       294 |        367 |             MDAnalysis.auxiliary.EDR
import time:       191 |       1443 |           MDAnalysis.auxiliary
import time:        24 |       1466 |         MDAnalysis.auxiliary.base
import time:       964 |       2890 |       MDAnalysis.coordinates.base
import time:       424 |        424 |       MDAnalysis.coordinates.chain
import time:        74 |         74 |         chemfiles
import time:       381 |        454 |       MDAnalysis.coordinates.chemfiles
import time:       221 |        221 |       MDAnalysis.coordinates.CRD
import time:       324 |        324 |       MDAnalysis.coordinates.DCD
import time:       261 |        261 |       MDAnalysis.coordinates.DLPoly
import time:       614 |        614 |             _sqlite3
import time:       275 |        889 |           sqlite3.dbapi2
import time:       178 |       1066 |         sqlite3
import time:       191 |       1256 |       MDAnalysis.coordinates.DMS
import time:       333 |        333 |       MDAnalysis.coordinates.GMS
import time:       246 |        246 |       MDAnalysis.coordinates.GRO
import time:        74 |         74 |         imdclient
import time:       305 |        378 |       MDAnalysis.coordinates.IMD
import time:       158 |        158 |       MDAnalysis.coordinates.INPCRD
import time:       822 |        822 |               MDAnalysis.topology.guessers
import time:       184 |       1005 |             MDAnalysis.topology.core
import time:       174 |        174 |               MDAnalysis.topology.base
import time:       238 |        412 |             MDAnalysis.topology.PSFParser
import time:       383 |        383 |             MDAnalysis.topology.TOPParser
import time:       247 |        247 |             MDAnalysis.topology.PDBParser
import time:       132 |        132 |             MDAnalysis.topology.ExtendedPDBParser
import time:       168 |        168 |             MDAnalysis.topology.PQRParser
import time:       156 |        156 |             MDAnalysis.topology.GROParser
import time:       159 |        159 |             MDAnalysis.topology.CRDParser
import time:       166 |        166 |             MDAnalysis.topology.PDBQTParser
import time:       198 |        198 |             MDAnalysis.topology.DMSParser
import time:       249 |        249 |                 MDAnalysis.topology.tpr.setting
import time:       119 |        367 |               MDAnalysis.topology.tpr
import time:       329 |        329 |                   mda_xdrlib.xdrlib
import time:       114 |        114 |                   mda_xdrlib._version
import time:       245 |        686 |                 mda_xdrlib
import time:       826 |        826 |                 MDAnalysis.topology.tpr.obj
import time:       392 |       1904 |               MDAnalysis.topology.tpr.utils
import time:       221 |       2491 |             MDAnalysis.topology.TPRParser
import time:       196 |        196 |             MDAnalysis.topology.MOL2Parser
import time:       387 |        387 |             MDAnalysis.topology.LAMMPSParser
import time:       156 |        156 |             MDAnalysis.topology.XYZParser
import time:       250 |        250 |             MDAnalysis.topology.TXYZParser
import time:       196 |        196 |             MDAnalysis.topology.GMSParser
import time:       176 |        176 |             MDAnalysis.topology.DLPolyParser
import time:       124 |        124 |                   xml
import time:       187 |        311 |                 xml.etree
import time:      1576 |       1576 |                 xml.etree.ElementPath
import time:       370 |        370 |                   pyexpat
import time:       351 |        721 |                 _elementtree
import time:       878 |       3485 |               xml.etree.ElementTree
import time:       218 |       3702 |             MDAnalysis.topology.HoomdXMLParser
import time:        82 |         82 |                 duecredit
import time:       146 |        227 |               MDAnalysis.due
import time:       439 |        665 |             MDAnalysis.topology.MMTFParser
import time:        66 |         66 |                 gsd
import time:        23 |         89 |               gsd.hoomd
import time:       195 |        284 |             MDAnalysis.topology.GSDParser
import time:       138 |        138 |             MDAnalysis.topology.MinimalParser
import time:       331 |        331 |             MDAnalysis.topology.ITPParser
import time:       172 |        172 |             MDAnalysis.topology.FHIAIMSParser
import time:       718 |      12878 |           MDAnalysis.topology
import time:        20 |      12898 |         MDAnalysis.topology.LAMMPSParser
import time:       558 |      13456 |       MDAnalysis.coordinates.LAMMPS
import time:       391 |        391 |       MDAnalysis.coordinates.MOL2
import time:       601 |        601 |       MDAnalysis.coordinates.PDB
import time:       219 |        219 |       MDAnalysis.coordinates.PDBQT
import time:       207 |        207 |       MDAnalysis.coordinates.PQR
import time:       193 |        193 |       MDAnalysis.coordinates.TPR
import time:       277 |        277 |       MDAnalysis.coordinates.TRC
import time:       213 |        213 |                   scipy._lib.doccer
import time:       116 |        116 |                   scipy.io.matlab._byteordercodes
import time:       420 |        748 |                 scipy.io.matlab._miobase
import time:       242 |        242 |                   scipy.io.matlab._mio_utils
import time:       377 |        619 |                 scipy.io.matlab._mio4
import time:       244 |        244 |                     scipy.io.matlab._streams
import time:       372 |        372 |                     scipy.io.matlab._mio5_params
import time:       387 |       1002 |                   scipy.io.matlab._mio5_utils
import time:       448 |       1449 |                 scipy.io.matlab._mio5
import time:       376 |       3190 |               scipy.io.matlab._mio
import time:       110 |        110 |               scipy.io.matlab.mio
import time:        97 |         97 |               scipy.io.matlab.mio5
import time:        93 |         93 |               scipy.io.matlab.mio5_params
import time:        92 |         92 |               scipy.io.matlab.mio4
import time:        93 |         93 |               scipy.io.matlab.byteordercodes
import time:        89 |         89 |               scipy.io.matlab.miobase
import time:        94 |         94 |               scipy.io.matlab.mio_utils
import time:        93 |         93 |               scipy.io.matlab.streams
import time:        90 |         90 |               scipy.io.matlab.mio5_utils
import time:       320 |       4356 |             scipy.io.matlab
import time:       195 |        195 |               mmap
import time:       372 |        567 |             scipy.io._netcdf
import time:       196 |        196 |             scipy.io._fortran
import time:       315 |        315 |               scipy.io._mmio
import time:       194 |        194 |                 ctypes.util
import time:       688 |        881 |               threadpoolctl
import time:       360 |       1555 |             scipy.io._fast_matrix_market
import time:       307 |        307 |             scipy.io._idl
import time:       270 |        270 |                 scipy.io._harwell_boeing._fortran_format_parser
import time:       379 |        649 |               scipy.io._harwell_boeing.hb
import time:       157 |        806 |             scipy.io._harwell_boeing
import time:      1183 |       1183 |               scipy.io.arff._arffread
import time:       125 |        125 |               scipy.io.arff.arffread
import time:       232 |       1539 |             scipy.io.arff
import time:       110 |        110 |             scipy.io.harwell_boeing
import time:       108 |        108 |             scipy.io.idl
import time:       108 |        108 |             scipy.io.mmio
import time:       101 |        101 |             scipy.io.netcdf
import time:      2583 |       2583 |             scipy.io.wavfile
import time:       342 |      12670 |           scipy.io
import time:        24 |      12694 |         scipy.io.netcdf
import time:        80 |         80 |         netCDF4
import time:       589 |      13362 |       MDAnalysis.coordinates.TRJ
import time:       126 |        126 |               filelock._error
import time:       129 |        129 |               filelock._util
import time:       949 |       1203 |             filelock._api
import time:       228 |        228 |                   _queue
import time:       378 |        605 |                 queue
import time:       232 |        837 |               concurrent.futures.thread
import time:       268 |        268 |               filelock._read_write
import time:       244 |       1348 |             filelock._async_read_write
import time:       248 |        248 |             filelock._soft
import time:      2528 |       2528 |                 filelock._soft_rw._sync
import time:       251 |       2779 |               filelock._soft_rw._async
import time:       144 |       2922 |             filelock._soft_rw
import time:       193 |        193 |             filelock._unix
import time:       180 |        180 |             filelock._windows
import time:       908 |        908 |             filelock.asyncio
import time:       129 |        129 |             filelock.version
import time:       298 |       7425 |           filelock
import time:       279 |       7704 |         MDAnalysis.coordinates.XDR
import time:       256 |       7959 |       MDAnalysis.coordinates.TRR
import time:        75 |         75 |         h5py
import time:       594 |        669 |       MDAnalysis.coordinates.H5MD
import time:       337 |        337 |       MDAnalysis.coordinates.TRZ
import time:       208 |        208 |       MDAnalysis.coordinates.XTC
import time:       286 |        286 |       MDAnalysis.coordinates.XYZ
import time:       226 |        226 |       MDAnalysis.coordinates.TXYZ
import time:       226 |        226 |       MDAnalysis.coordinates.memory
import time:       218 |        218 |       MDAnalysis.coordinates.MMTF
import time:        77 |         77 |         gsd
import time:       339 |        415 |       MDAnalysis.coordinates.GSD
import time:       146 |        146 |       MDAnalysis.coordinates.null
import time:       201 |        201 |       MDAnalysis.coordinates.NAMDBIN
import time:       218 |        218 |       MDAnalysis.coordinates.FHIAIMS
import time:        69 |         69 |         pytng
import time:       353 |        421 |       MDAnalysis.coordinates.TNG
import time:      1011 |      48175 |     MDAnalysis.coordinates
import time:        26 |      48200 |   MDAnalysis.coordinates.core
import time:       281 |        281 |     MDAnalysis.converters.ParmEdParser
import time:       152 |        152 |       MDAnalysis.converters.base
import time:       266 |        417 |     MDAnalysis.converters.ParmEd
import time:      9025 |       9025 |         rdkit.rdBase
import time:      1189 |      10214 |       rdkit
import time:      5287 |       5287 |           rdkit.DataStructs.cDataStructs
import time:       285 |       5571 |         rdkit.DataStructs
import time:       113 |        113 |           rdkit.RDPaths
import time:        76 |         76 |           pyPgSQL
import time:       276 |        464 |         rdkit.RDConfig
import time:     21495 |      21495 |         rdkit.Chem.rdchem
import time:      2374 |       2374 |           rdkit.Geometry.rdGeometry
import time:       232 |       2606 |         rdkit.Geometry
import time:       130 |        130 |           rdkit.RDLogger
import time:      4361 |       4361 |           rdkit.Chem.rdinchi
import time:       299 |       4789 |         rdkit.Chem.inchi
import time:      1968 |       1968 |         rdkit.Chem.rdCIPLabeler
import time:      8568 |       8568 |         rdkit.Chem.rdmolfiles
import time:      7926 |       7926 |         rdkit.Chem.rdmolops
import time:      2723 |       2723 |         rdkit.Chem.rdMolInterchange
import time:      3439 |       3439 |         rdkit.Chem.rdCoordGen
import time:       648 |      60191 |       rdkit.Chem
import time:      4444 |       4444 |           rdkit.ForceField.rdForceField
import time:       143 |       4587 |         rdkit.ForceField
import time:      2236 |       2236 |           rdkit.Chem.rdChemicalFeatures
import time:      2972 |       2972 |           rdkit.Chem.rdMolChemicalFeatures
import time:       170 |       5377 |         rdkit.Chem.ChemicalFeatures
import time:      7164 |       7164 |           rdkit.Chem.rdDistGeom
import time:       349 |       7512 |         rdkit.Chem.EnumerateStereoisomers
import time:      8306 |       8306 |         rdkit.Chem.rdChemReactions
import time:      3871 |       3871 |         rdkit.Chem.rdDepictor
import time:      3679 |       3679 |         rdkit.Chem.rdFingerprintGenerator
import time:      3372 |       3372 |         rdkit.Chem.rdForceFieldHelpers
import time:      7746 |       7746 |         rdkit.Chem.rdMolAlign
import time:      6773 |       6773 |         rdkit.Chem.rdMolDescriptors
import time:      6756 |       6756 |         rdkit.Chem.rdMolEnumerator
import time:      2375 |       2375 |         rdkit.Chem.rdMolTransforms
import time:      1959 |       1959 |         rdkit.Chem.rdPartialCharges
import time:      2191 |       2191 |         rdkit.Chem.rdqueries
import time:      2758 |       2758 |         rdkit.Chem.rdReducedGraphs
import time:      2866 |       2866 |         rdkit.Chem.rdShapeHelpers
import time:      2932 |       2932 |         rdkit.Chem.rdSLNParse
import time:       825 |      73878 |       rdkit.Chem.AllChem
import time:      5923 |       5923 |       rdkit.Chem.rdDetermineBonds
import time:      8031 |     158236 |     MDAnalysis.converters.RDKitInferring
import time:       293 |        293 |     MDAnalysis.converters.RDKitParser
import time:       408 |        408 |     MDAnalysis.converters.RDKit
import time:       231 |        231 |     MDAnalysis.converters.OpenMMParser
import time:       214 |        214 |     MDAnalysis.converters.OpenMM
import time:       317 |     160394 |   MDAnalysis.converters
import time:       521 |     690475 | MDAnalysis
