Ca/Si ratio:    1.503497 
SiOH/Si ratio:  0.146853 
CaOH/Ca ratio:  0.423256 
MCL:            3.864865 
 
Shape:   3   5   2 
 
Supecell Brick Code: 
 Na  Nb  Nc  :   Brick Code 

brick_code = { 
(  0,   0,   0)  :   ['<Lo', '<R', 'XU', 'CIU', 'oUR', 'oXU', '>L', '>Ro'], 
(  0,   0,   1)  :   ['<L', 'CU', 'oMUR', '<R', 'CII', 'XD', 'CIU', 'oDL', 'oUL', 'oUR', '>L', 'SD', '>R'], 
(  0,   1,   0)  :   ['<L', 'SU', 'oMUL', '<R', 'CII', 'XU', 'XD', 'CID', 'CIU', 'oDL', 'oUR', 'oXD', '>L', 'SD', 'oMDL', '>R'], 
(  0,   1,   1)  :   ['<L', 'SU', 'oMUL', '<R', 'CII', 'XD', 'CID', 'oDL', 'oUR', '>L', 'CD', 'oMDL', 'oMDR', '>R'], 
(  0,   2,   0)  :   ['<L', 'SU', '<R', 'XU', 'XD', 'CID', 'oDL', 'oDR', '>L', 'CD', 'oMDL', 'oMDR', '>Ro'], 
(  0,   2,   1)  :   ['<L', 'CU', 'oMUR', '<Ro', 'XU', 'XD', 'oDL', 'oUL', '>L', 'SD', '>R'], 
(  0,   3,   0)  :   ['<L', 'SU', 'oMUL', '<R', 'CII', 'XU', 'XD', 'CID', 'CIU', 'oDL', 'oUR', 'oXU', '>L', 'SDo', 'oMDL', '>R'], 
(  0,   3,   1)  :   ['<L', 'SU', 'oMUL', '<R', 'CII', 'XU', 'XD', 'CID', 'CIU', 'oDL', 'oUR', 'oXD', '>L', 'SD', 'oMDL', '>R'], 
(  0,   4,   0)  :   ['<L', 'SUo', 'oMUL', '<R', 'CII', 'XD', 'CIU', 'oDR', 'oXD', '>L', 'CD', 'oMDL', 'oMDR', '>R'], 
(  0,   4,   1)  :   ['<L', '<R', 'CID', '>L', 'CD', 'oMDR', '>Ro'], 
(  1,   0,   0)  :   ['<L', '<R', 'XD', 'oUL', 'oXD', '>Lo', 'CD', '>R'], 
(  1,   0,   1)  :   ['<L', 'CU', 'oMUR', '<R', 'CII', 'XU', 'CID', 'oUL', '>L', 'SD', '>R'], 
(  1,   1,   0)  :   ['<L', 'SU', '<R', 'CII', 'XU', 'CIU', 'oDL', 'oDR', 'oXU', '>L', 'CD', 'oMDL', 'oMDR', '>R'], 
(  1,   1,   1)  :   ['<L', 'SUo', '<R', 'XU', 'XD', 'oDR', 'oXU', '>L', 'CD', 'oMDR', '>R'], 
(  1,   2,   0)  :   ['<L', '<Ro', 'XU', 'CID', 'oDR', 'oXU', '>L', '>R'], 
(  1,   2,   1)  :   ['<L', '<R', 'XD', 'CID', 'oXD', '>L', '>R'], 
(  1,   3,   0)  :   ['<L', 'SU', '<R', 'XU', 'CIU', 'oXU', '>Lo', 'CD', 'oMDR', '>R'], 
(  1,   3,   1)  :   ['<L', 'CU', '<Ro', 'CII', 'oDL', '>L', '>R'], 
(  1,   4,   0)  :   ['<L', 'SU', 'oMUL', '<R', 'CII', 'XU', 'CIU', 'oDL', 'oDR', 'oXU', '>L', 'CD', 'oMDL', 'oMDR', '>Ro'], 
(  1,   4,   1)  :   ['<L', '<R', 'XD', 'CID', 'oUL', '>L', '>Ro'], 
(  2,   0,   0)  :   ['<Lo', 'CU', 'oMUL', '<R', 'CII', 'XD', 'oUR', 'oXD', '>L', 'SD', 'oMDL', '>R'], 
(  2,   0,   1)  :   ['<L', '<R', 'CIU', 'oDL', 'oUR', '>Lo', 'CD', '>R'], 
(  2,   1,   0)  :   ['<L', 'SU', '<R', 'XU', 'XD', 'CIU', 'oDL', 'oUR', 'oXU', '>L', 'CD', 'oMDL', '>R'], 
(  2,   1,   1)  :   ['<L', 'SU', 'oMUL', '<R', 'CII', 'XU', 'XD', 'CID', 'CIU', 'oDL', 'oUR', 'oXU', '>L', 'SD', 'oMDL', '>R'], 
(  2,   2,   0)  :   ['<L', 'SU', '<R', 'XD', 'CIU', '>L', 'CD', 'oMDL', '>Ro'], 
(  2,   2,   1)  :   ['<L', '<R', 'XD', 'CIU', 'oDR', 'oXD', '>L', '>R'], 
(  2,   3,   0)  :   ['<L', 'SU', 'oMUL', '<R', 'XU', 'XD', 'CID', 'oDL', 'oUR', '>Lo', '>R'], 
(  2,   3,   1)  :   ['<L', 'CU', 'oMUR', '<R', 'CII', 'oDR', 'oUL', '>Lo', '>R'], 
(  2,   4,   0)  :   ['<L', '<R', 'XU', 'oUR', '>L', 'CD', '>Ro'], 
(  2,   4,   1)  :   ['<L', '<R', 'CII', 'XD', 'CID', 'oUL', 'oUR', '>L', 'SDo', '>R'], 
}

water_code = { 
(  0,   0,  0)  :   [np.str_('wMDR'), np.str_('wMUL'), np.str_('w15'), np.str_('wDR'), np.str_('wIR2'), np.str_('wUL')], 
(  0,   0,  1)  :   [np.str_('w15'), np.str_('w14'), np.str_('wIL'), np.str_('wXU'), np.str_('wXD'), np.str_('wMDL')], 
(  0,   1,  0)  :   [np.str_('wXU'), np.str_('w16'), np.str_('wIR2'), np.str_('w15'), np.str_('wIL'), np.str_('w14')], 
(  0,   1,  1)  :   [np.str_('wIL'), np.str_('wIR2'), np.str_('wXD'), np.str_('w15'), np.str_('wXU'), np.str_('w16')], 
(  0,   2,  0)  :   [np.str_('wMUL'), np.str_('wXU'), np.str_('wIL'), np.str_('wIR'), np.str_('w14'), np.str_('w16')], 
(  0,   2,  1)  :   [np.str_('wMDL'), np.str_('w16'), np.str_('w14'), np.str_('wXU'), np.str_('w15'), np.str_('wIR')], 
(  0,   3,  0)  :   [np.str_('w15'), np.str_('wXD'), np.str_('w14'), np.str_('w16'), np.str_('wIL'), np.str_('wIR2')], 
(  0,   3,  1)  :   [np.str_('w15'), np.str_('wXU'), np.str_('wIR2'), np.str_('w14'), np.str_('wIL'), np.str_('w16')], 
(  0,   4,  0)  :   [np.str_('wIR2'), np.str_('wIR'), np.str_('w14'), np.str_('w15'), np.str_('wXU'), np.str_('wIL')], 
(  0,   4,  1)  :   [np.str_('wDR'), np.str_('wMDL'), np.str_('wIL'), np.str_('wIR'), np.str_('wMUR'), np.str_('w16')], 
(  1,   0,  0)  :   [np.str_('wMUL'), np.str_('w16'), np.str_('wMUR'), np.str_('w15'), np.str_('w14'), np.str_('wDR')], 
(  1,   0,  1)  :   [np.str_('wMUL'), np.str_('wXU'), np.str_('wIR2'), np.str_('w14'), np.str_('wXD'), np.str_('w16')], 
(  1,   1,  0)  :   [np.str_('w15'), np.str_('wIR2'), np.str_('w16'), np.str_('wXD'), np.str_('wIR'), np.str_('wIL')], 
(  1,   1,  1)  :   [np.str_('wMUL'), np.str_('w14'), np.str_('wIR'), np.str_('wIL'), np.str_('w15'), np.str_('wXD')], 
(  1,   2,  0)  :   [np.str_('wIL'), np.str_('wMDR'), np.str_('wUL'), np.str_('w16'), np.str_('wMUL'), np.str_('w14')], 
(  1,   2,  1)  :   [np.str_('wDR'), np.str_('w14'), np.str_('w15'), np.str_('wIR'), np.str_('w16'), np.str_('wMUR')], 
(  1,   3,  0)  :   [np.str_('wIL'), np.str_('wIR'), np.str_('wMUL'), np.str_('w15'), np.str_('wIR2'), np.str_('wMDL')], 
(  1,   3,  1)  :   [np.str_('wDR'), np.str_('w16'), np.str_('wXD'), np.str_('w14'), np.str_('wIR2'), np.str_('wIL')], 
(  1,   4,  0)  :   [np.str_('wIL'), np.str_('wIR2'), np.str_('wXD'), np.str_('w14'), np.str_('wIR'), np.str_('w16')], 
(  1,   4,  1)  :   [np.str_('wDR'), np.str_('w15'), np.str_('wXU'), np.str_('wIR2'), np.str_('wIL'), np.str_('wMDR')], 
(  2,   0,  0)  :   [np.str_('w16'), np.str_('wIR2'), np.str_('wXU'), np.str_('w15'), np.str_('wIL'), np.str_('wMUR')], 
(  2,   0,  1)  :   [np.str_('wMDR'), np.str_('wXD'), np.str_('w15'), np.str_('wMDL'), np.str_('wDR'), np.str_('wMUL')], 
(  2,   1,  0)  :   [np.str_('wMUL'), np.str_('w16'), np.str_('wMDR'), np.str_('wIR2'), np.str_('w14')], 
(  2,   1,  1)  :   [np.str_('w14'), np.str_('wXD'), np.str_('wIR2'), np.str_('w15'), np.str_('wIL')], 
(  2,   2,  0)  :   [np.str_('wIR2'), np.str_('wDR'), np.str_('wXU'), np.str_('wIR'), np.str_('w14')], 
(  2,   2,  1)  :   [np.str_('w14'), np.str_('wMDL'), np.str_('wXU'), np.str_('w16'), np.str_('w15')], 
(  2,   3,  0)  :   [np.str_('w15'), np.str_('wMDL'), np.str_('wXD'), np.str_('wDR'), np.str_('w16')], 
(  2,   3,  1)  :   [np.str_('w14'), np.str_('wMDL'), np.str_('w15'), np.str_('wMUL'), np.str_('wIL')], 
(  2,   4,  0)  :   [np.str_('w14'), np.str_('wIR2'), np.str_('wXD'), np.str_('wDR'), np.str_('wMDL')], 
(  2,   4,  1)  :   [np.str_('w14'), np.str_('wMUL'), np.str_('wMUR'), np.str_('w16'), np.str_('wIR2')], 
}
 
Charge Distribution: 
  0   0   0  :   0 
  0   0   1  :   0 
  0   1   0  :   1 
  0   1   1  :   -1 
  0   2   0  :   1 
  0   2   1  :   0 
  0   3   0  :   2 
  0   3   1  :   1 
  0   4   0  :   0 
  0   4   1  :   0 
  1   0   0  :   -1 
  1   0   1  :   2 
  1   1   0  :   -1 
  1   1   1  :   0 
  1   2   0  :   -1 
  1   2   1  :   -1 
  1   3   0  :   1 
  1   3   1  :   0 
  1   4   0  :   -1 
  1   4   1  :   0 
  2   0   0  :   -1 
  2   0   1  :   -1 
  2   1   0  :   0 
  2   1   1  :   1 
  2   2   0  :   2 
  2   2   1  :   -2 
  2   3   0  :   0 
  2   3   1  :   -2 
  2   4   0  :   0 
  2   4   1  :   1 
